#
# There is insufficient memory for the Java Runtime Environment to continue.
# Native memory allocation (mmap) failed to map 65536 bytes. Error detail: Failed to commit metaspace.
# Possible reasons:
#   The system is out of physical RAM or swap space
#   This process is running with CompressedOops enabled, and the Java Heap may be blocking the growth of the native heap
# Possible solutions:
#   Reduce memory load on the system
#   Increase physical memory or swap space
#   Check if swap backing store is full
#   Decrease Java heap size (-Xmx/-Xms)
#   Decrease number of Java threads
#   Decrease Java thread stack sizes (-Xss)
#   Set larger code cache with -XX:ReservedCodeCacheSize=
#   JVM is running with Unscaled Compressed Oops mode in which the Java heap is
#     placed in the first 4GB address space. The Java Heap base address is the
#     maximum limit for the native heap growth. Please use -XX:HeapBaseMinAddress
#     to set the Java Heap base and to place the Java Heap above 4GB virtual address.
# This output file may be truncated or incomplete.
#
#  Out of Memory Error (virtualSpaceNode.cpp:113), pid=17468, tid=14708
#
# JRE version: OpenJDK Runtime Environment Temurin-21.0.10+7 (21.0.10+7) (build 21.0.10+7-LTS)
# Java VM: OpenJDK 64-Bit Server VM Temurin-21.0.10+7 (21.0.10+7-LTS, mixed mode, sharing, tiered, compressed oops, compressed class ptrs, parallel gc, windows-amd64)
# No core dump will be written. Minidumps are not enabled by default on client versions of Windows
#

---------------  S U M M A R Y ------------

Command Line: --add-modules=ALL-SYSTEM --add-opens=java.base/java.util=ALL-UNNAMED --add-opens=java.base/java.lang=ALL-UNNAMED --add-opens=java.base/sun.nio.fs=ALL-UNNAMED -Declipse.application=org.eclipse.jdt.ls.core.id1 -Dosgi.bundles.defaultStartLevel=4 -Declipse.product=org.eclipse.jdt.ls.core.product -Djava.import.generatesMetadataFilesAtProjectRoot=false -DDetectVMInstallationsJob.disabled=true -Dfile.encoding=utf8 -XX:+UseParallelGC -XX:GCTimeRatio=4 -XX:AdaptiveSizePolicyWeight=90 -Dsun.zip.disableMemoryMapping=true -Xmx2G -Xms100m -Xlog:disable -javaagent:c:\Users\HP\.antigravity\extensions\redhat.java-1.53.0-win32-x64\lombok\lombok-1.18.39-4050.jar c:\Users\HP\.antigravity\extensions\redhat.java-1.53.0-win32-x64\server\plugins\org.eclipse.equinox.launcher_1.7.100.v20251111-0406.jar -configuration c:\Users\HP\AppData\Roaming\Antigravity\User\globalStorage\redhat.java\1.53.0\config_ss_win -data c:\Users\HP\AppData\Roaming\Antigravity\User\workspaceStorage\7359660f604276e095b57a6af05720f4\redhat.java\ss_ws --pipe=\\.\pipe\lsp-1e716c891cb714609d3e7048bb153c70-sock

Host: 13th Gen Intel(R) Core(TM) i7-1355U, 12 cores, 13G,  Windows 11 , 64 bit Build 26100 (10.0.26100.8521)
Time: Fri May 29 15:45:52 2026 South Africa Standard Time elapsed time: 1.129080 seconds (0d 0h 0m 1s)

---------------  T H R E A D  ---------------

Current thread (0x0000023b8259a040):  JavaThread "main"             [_thread_in_vm, id=14708, stack(0x000000f662a00000,0x000000f662b00000) (1024K)]

Stack: [0x000000f662a00000,0x000000f662b00000]
Native frames: (J=compiled Java code, j=interpreted, Vv=VM code, C=native code)
V  [jvm.dll+0x6d7a39]
V  [jvm.dll+0x8b4b26]
V  [jvm.dll+0x8b70de]
V  [jvm.dll+0x8b77c3]
V  [jvm.dll+0x284346]
V  [jvm.dll+0x8b086e]
V  [jvm.dll+0x679444]
V  [jvm.dll+0x6794aa]
V  [jvm.dll+0x67bca6]
V  [jvm.dll+0x67bb72]
V  [jvm.dll+0x679e1e]
V  [jvm.dll+0x219980]
V  [jvm.dll+0x21a3f8]
V  [jvm.dll+0x20f62e]
V  [jvm.dll+0x5b644f]
V  [jvm.dll+0x22168e]
V  [jvm.dll+0x82e12d]
V  [jvm.dll+0x82f15b]
V  [jvm.dll+0x82f918]
V  [jvm.dll+0x217b7d]
V  [jvm.dll+0x21a341]
V  [jvm.dll+0x20f62e]
V  [jvm.dll+0x5b644f]
V  [jvm.dll+0x22168e]
V  [jvm.dll+0x82e12d]
V  [jvm.dll+0x82f15b]
V  [jvm.dll+0x82f724]
V  [jvm.dll+0x82f3b8]
V  [jvm.dll+0x271c6d]
V  [jvm.dll+0x271eaa]
V  [jvm.dll+0x5d9627]
V  [jvm.dll+0x5dc616]
V  [jvm.dll+0x3e0ae2]
V  [jvm.dll+0x3e019a]
C  0x0000023b8ef68080

The last pc belongs to invokestatic (printed below).
Java frames: (J=compiled Java code, j=interpreted, Vv=VM code)
j  sun.reflect.annotation.AnnotationParser.parseSig(Ljava/lang/String;Ljava/lang/Class;)Ljava/lang/Class;+29 java.base@21.0.10
j  sun.reflect.annotation.AnnotationParser.parseAnnotation2(Ljava/nio/ByteBuffer;Ljdk/internal/reflect/ConstantPool;Ljava/lang/Class;Z[Ljava/lang/Class;)Ljava/lang/annotation/Annotation;+27 java.base@21.0.10
j  sun.reflect.annotation.AnnotationParser.parseAnnotations2([BLjdk/internal/reflect/ConstantPool;Ljava/lang/Class;[Ljava/lang/Class;)Ljava/util/Map;+41 java.base@21.0.10
j  sun.reflect.annotation.AnnotationParser.parseAnnotations([BLjdk/internal/reflect/ConstantPool;Ljava/lang/Class;)Ljava/util/Map;+12 java.base@21.0.10
j  java.lang.reflect.Executable.declaredAnnotations()Ljava/util/Map;+62 java.base@21.0.10
j  java.lang.reflect.Executable.declaredAnnotations()Ljava/util/Map;+35 java.base@21.0.10
j  java.lang.reflect.Executable.getAnnotation(Ljava/lang/Class;)Ljava/lang/annotation/Annotation;+7 java.base@21.0.10
j  java.lang.reflect.Method.getAnnotation(Ljava/lang/Class;)Ljava/lang/annotation/Annotation;+2 java.base@21.0.10
j  java.lang.reflect.AnnotatedElement.isAnnotationPresent(Ljava/lang/Class;)Z+2 java.base@21.0.10
j  java.lang.reflect.AccessibleObject.isAnnotationPresent(Ljava/lang/Class;)Z+2 java.base@21.0.10
j  jdk.internal.reflect.Reflection.isCallerSensitive(Ljava/lang/reflect/Method;)Z+18 java.base@21.0.10
j  java.lang.reflect.Method.isCallerSensitive()Z+11 java.base@21.0.10
j  java.lang.reflect.Method.invoke(Ljava/lang/Object;[Ljava/lang/Object;)Ljava/lang/Object;+1 java.base@21.0.10
j  org.eclipse.osgi.internal.framework.EquinoxContainer.<init>(Ljava/util/Map;Lorg/osgi/framework/connect/ModuleConnector;)V+37
j  org.eclipse.osgi.launch.Equinox.<init>(Ljava/util/Map;Lorg/osgi/framework/connect/ModuleConnector;)V+10
j  org.eclipse.osgi.launch.Equinox.<init>(Ljava/util/Map;)V+3
j  org.eclipse.core.runtime.adaptor.EclipseStarter.startup([Ljava/lang/String;Ljava/lang/Runnable;)Lorg/osgi/framework/BundleContext;+28
j  org.eclipse.core.runtime.adaptor.EclipseStarter.run([Ljava/lang/String;Ljava/lang/Runnable;)Ljava/lang/Object;+21
j  java.lang.invoke.DirectMethodHandle$Holder.invokeStatic(Ljava/lang/Object;Ljava/lang/Object;Ljava/lang/Object;)Ljava/lang/Object;+11 java.base@21.0.10
j  java.lang.invoke.LambdaForm$MH+0x0000023b9d08a800.invoke(Ljava/lang/Object;Ljava/lang/Object;Ljava/lang/Object;Ljava/lang/Object;)Ljava/lang/Object;+54 java.base@21.0.10
j  java.lang.invoke.LambdaForm$MH+0x0000023b9d002c00.invokeExact_MT(Ljava/lang/Object;Ljava/lang/Object;Ljava/lang/Object;Ljava/lang/Object;Ljava/lang/Object;)Ljava/lang/Object;+22 java.base@21.0.10
j  jdk.internal.reflect.DirectMethodHandleAccessor.invokeImpl(Ljava/lang/Object;[Ljava/lang/Object;)Ljava/lang/Object;+72 java.base@21.0.10
j  jdk.internal.reflect.DirectMethodHandleAccessor.invoke(Ljava/lang/Object;[Ljava/lang/Object;)Ljava/lang/Object;+23 java.base@21.0.10
j  java.lang.reflect.Method.invoke(Ljava/lang/Object;[Ljava/lang/Object;)Ljava/lang/Object;+102 java.base@21.0.10
j  org.eclipse.equinox.launcher.Main.invokeFramework([Ljava/lang/String;[Ljava/net/URL;)V+155
j  org.eclipse.equinox.launcher.Main.basicRun([Ljava/lang/String;)V+191
j  org.eclipse.equinox.launcher.Main.run([Ljava/lang/String;)I+4
j  org.eclipse.equinox.launcher.Main.main([Ljava/lang/String;)V+10
v  ~StubRoutines::call_stub 0x0000023b8ef5100d
invokestatic  184 invokestatic  [0x0000023b8ef67fe0, 0x0000023b8ef682a8]  712 bytes
[MachCode]
  0x0000023b8ef67fe0: 4883 ec08 | c5fa 1104 | 24eb 1f48 | 83ec 10c5 | fb11 0424 | eb14 4883 | ec10 4889 | 0424 48c7 
  0x0000023b8ef68000: 4424 0800 | 0000 00eb | 0150 4c89 | 6dc0 410f | b755 0148 | 8b4d d0c1 | e202 8b5c | d138 c1eb 
  0x0000023b8ef68020: 1081 e3ff | 0000 0081 | fbb8 0000 | 000f 84b4 | 0000 00bb | b800 0000 | e805 0000 | 00e9 9900 
  0x0000023b8ef68040: 0000 488b | d348 8d44 | 2408 4c89 | 6dc0 498b | cfc5 f877 | 4989 afb0 | 0300 0049 | 8987 a003 
  0x0000023b8ef68060: 0000 4883 | ec20 40f6 | c40f 0f84 | 1900 0000 | 4883 ec08 | 48b8 3001 | f248 fb7f | 0000 ffd0 
  0x0000023b8ef68080: 4883 c408 | e90c 0000 | 0048 b830 | 01f2 48fb | 7f00 00ff | d048 83c4 | 2049 c787 | a003 0000 
  0x0000023b8ef680a0: 0000 0000 | 49c7 87b0 | 0300 0000 | 0000 0049 | c787 a803 | 0000 0000 | 0000 c5f8 | 7749 837f 
  0x0000023b8ef680c0: 0800 0f84 | 0500 0000 | e933 8efe | ff4c 8b6d | c04c 8b75 | c84e 8d74 | f500 c341 | 0fb7 5501 
  0x0000023b8ef680e0: 488b 4dd0 | c1e2 0248 | 8b5c d140 | 488b 5b08 | 488b 5b08 | 488b 5b18 | 80bb 3101 | 0000 040f 
  0x0000023b8ef68100: 840d 0000 | 004c 3bbb | 3801 0000 | 0f85 21ff | ffff 488b | 5cd1 408b | 54d1 50c1 | ea1c 49ba 
  0x0000023b8ef68120: 20e4 8049 | fb7f 0000 | 498b 14d2 | 5248 8b45 | d848 85c0 | 0f84 1200 | 0000 4883 | 4008 0148 
  0x0000023b8ef68140: 8358 0800 | 4883 c010 | 4889 45d8 | 488b 45d8 | 4885 c00f | 843d 0100 | 0080 78f0 | 0a0f 8533 
  0x0000023b8ef68160: 0100 0048 | 83c0 084c | 8b68 f841 | 83ed 0041 | 83fd 020f | 8c12 0100 | 004c 8b6b | 0845 0fb7 
  0x0000023b8ef68180: 6d2e 4c2b | 2841 83ed | 014e 8b6c | ec08 4d85 | ed75 0ef6 | 4008 0175 | 58f0 4883 | 4808 01eb 
  0x0000023b8ef681a0: 5045 8b6d | 0849 ba00 | 0000 9c3b | 0200 004d | 03ea 4d8b | d54c 3368 | 0849 f7c5 | fcff ffff 
  0x0000023b8ef681c0: 742f 41f6 | c502 7529 | 4883 7808 | 0074 1e48 | 8378 0801 | 7417 4d8b | ea4c 3368 | 0849 f7c5 
  0x0000023b8ef681e0: fcff ffff | 740b 4883 | 4808 02eb | 044c 8968 | 0848 83c0 | 104c 8b68 | e841 83ed | 0241 83fd 
  0x0000023b8ef68200: 020f 8c84 | 0000 004c | 8b6b 0845 | 0fb7 6d2e | 4c2b 2841 | 83ed 014e | 8b6c ec08 | 4d85 ed75 
  0x0000023b8ef68220: 0ef6 4008 | 0175 58f0 | 4883 4808 | 01eb 5045 | 8b6d 0849 | ba00 0000 | 9c3b 0200 | 004d 03ea 
  0x0000023b8ef68240: 4d8b d54c | 3368 0849 | f7c5 fcff | ffff 742f | 41f6 c502 | 7529 4883 | 7808 0074 | 1e48 8378 
  0x0000023b8ef68260: 0801 7417 | 4d8b ea4c | 3368 0849 | f7c5 fcff | ffff 740b | 4883 4808 | 02eb 044c | 8968 0848 
  0x0000023b8ef68280: 83c0 104c | 8b68 d841 | 83ed 0441 | c1e5 0349 | 03c5 4889 | 45d8 4c8d | 6c24 084c | 896d f0ff 
  0x0000023b8ef682a0: 6350 660f | 1f44 0000 
[/MachCode]

---------------  P R O C E S S  ---------------

Threads class SMR info:
_java_thread_list=0x0000023bde52a210, length=13, elements={
0x0000023b8259a040, 0x0000023b9b2cdaf0, 0x0000023bde2363b0, 0x0000023bde23ab50,
0x0000023bde23b5b0, 0x0000023bde23c010, 0x0000023bde23ca70, 0x0000023bde23f8c0,
0x0000023bde26b990, 0x0000023bde4385e0, 0x0000023bde4c1d30, 0x0000023bde536af0,
0x0000023bde69e540
}

Java Threads: ( => current thread )
=>0x0000023b8259a040 JavaThread "main"                              [_thread_in_vm, id=14708, stack(0x000000f662a00000,0x000000f662b00000) (1024K)]
  0x0000023b9b2cdaf0 JavaThread "Reference Handler"          daemon [_thread_blocked, id=30172, stack(0x000000f662e00000,0x000000f662f00000) (1024K)]
  0x0000023bde2363b0 JavaThread "Finalizer"                  daemon [_thread_blocked, id=23156, stack(0x000000f662f00000,0x000000f663000000) (1024K)]
  0x0000023bde23ab50 JavaThread "Signal Dispatcher"          daemon [_thread_blocked, id=31368, stack(0x000000f663000000,0x000000f663100000) (1024K)]
  0x0000023bde23b5b0 JavaThread "Attach Listener"            daemon [_thread_blocked, id=30148, stack(0x000000f663100000,0x000000f663200000) (1024K)]
  0x0000023bde23c010 JavaThread "Service Thread"             daemon [_thread_blocked, id=24436, stack(0x000000f663200000,0x000000f663300000) (1024K)]
  0x0000023bde23ca70 JavaThread "Monitor Deflation Thread"   daemon [_thread_blocked, id=30584, stack(0x000000f663300000,0x000000f663400000) (1024K)]
  0x0000023bde23f8c0 JavaThread "C2 CompilerThread0"         daemon [_thread_blocked, id=11544, stack(0x000000f663400000,0x000000f663500000) (1024K)]
  0x0000023bde26b990 JavaThread "C1 CompilerThread0"         daemon [_thread_blocked, id=33664, stack(0x000000f663500000,0x000000f663600000) (1024K)]
  0x0000023bde4385e0 JavaThread "C2 CompilerThread1"         daemon [_thread_in_native, id=32772, stack(0x000000f663600000,0x000000f663700000) (1024K)]
  0x0000023bde4c1d30 JavaThread "Common-Cleaner"             daemon [_thread_blocked, id=30992, stack(0x000000f663700000,0x000000f663800000) (1024K)]
  0x0000023bde536af0 JavaThread "Notification Thread"        daemon [_thread_blocked, id=2704, stack(0x000000f663800000,0x000000f663900000) (1024K)]
  0x0000023bde69e540 JavaThread "C2 CompilerThread2"         daemon [_thread_blocked, id=4052, stack(0x000000f663900000,0x000000f663a00000) (1024K)]
Total: 13

Other Threads:
  0x0000023b9b2b5830 VMThread "VM Thread"                           [id=14072, stack(0x000000f662d00000,0x000000f662e00000) (1024K)]
  0x0000023b9b1aca10 WatcherThread "VM Periodic Task Thread"        [id=4720, stack(0x000000f662c00000,0x000000f662d00000) (1024K)]
  0x0000023b8483b7d0 WorkerThread "GC Thread#0"                     [id=31096, stack(0x000000f662b00000,0x000000f662c00000) (1024K)]
Total: 3

Threads with active compile tasks:
C2 CompilerThread1  1168  961   !   4       java.util.jar.Attributes::read (494 bytes)
Total: 1

VM state: not at safepoint (normal execution)

VM Mutex/Monitor currently owned by a thread:  ([mutex/lock_event])
[0x00007ffb497fc4e0] Metaspace_lock - owner thread: 0x0000023b8259a040

Heap address: 0x0000000080000000, size: 2048 MB, Compressed Oops mode: 32-bit

CDS archive(s) mapped at: [0x0000023b9c000000-0x0000023b9cba0000-0x0000023b9cba0000), size 12189696, SharedBaseAddress: 0x0000023b9c000000, ArchiveRelocationMode: 1.
Compressed class space mapped at: 0x0000023b9d000000-0x0000023bdd000000, reserved size: 1073741824
Narrow klass base: 0x0000023b9c000000, Narrow klass shift: 0, Narrow klass range: 0x100000000

GC Precious Log:
 CardTable entry size: 512
 CPUs: 12 total, 12 available
 Memory: 13976M
 Large Page Support: Disabled
 NUMA Support: Disabled
 Compressed Oops: Enabled (32-bit)
 Alignments: Space 512K, Generation 512K, Heap 2M
 Heap Min Capacity: 100M
 Heap Initial Capacity: 100M
 Heap Max Capacity: 2G
 Pre-touch: Disabled
 Parallel Workers: 10

Heap:
 PSYoungGen      total 29696K, used 21048K [0x00000000d5580000, 0x00000000d7680000, 0x0000000100000000)
  eden space 25600K, 82% used [0x00000000d5580000,0x00000000d6a0e108,0x00000000d6e80000)
  from space 4096K, 0% used [0x00000000d7280000,0x00000000d7280000,0x00000000d7680000)
  to   space 4096K, 0% used [0x00000000d6e80000,0x00000000d6e80000,0x00000000d7280000)
 ParOldGen       total 68608K, used 0K [0x0000000080000000, 0x0000000084300000, 0x00000000d5580000)
  object space 68608K, 0% used [0x0000000080000000,0x0000000080000000,0x0000000084300000)
 Metaspace       used 3797K, committed 3968K, reserved 1114112K
  class space    used 422K, committed 512K, reserved 1048576K

Card table byte_map: [0x0000023b841d0000,0x0000023b845e0000] _byte_map_base: 0x0000023b83dd0000

Marking Bits: (ParMarkBitMap*) 0x00007ffb49803450
 Begin Bits: [0x0000023b96cd0000, 0x0000023b98cd0000)
 End Bits:   [0x0000023b98cd0000, 0x0000023b9acd0000)

Polling page: 0x0000023b82a10000

Metaspace:

Usage:
  Non-class:      3.30 MB used.
      Class:    422.36 KB used.
       Both:      3.71 MB used.

Virtual space:
  Non-class space:       64.00 MB reserved,       3.38 MB (  5%) committed,  1 nodes.
      Class space:        1.00 GB reserved,     512.00 KB ( <1%) committed,  1 nodes.
             Both:        1.06 GB reserved,       3.88 MB ( <1%) committed. 

Chunk freelists:
   Non-Class:  11.31 MB
       Class:  15.45 MB
        Both:  26.77 MB

MaxMetaspaceSize: unlimited
CompressedClassSpaceSize: 1.00 GB
Initial GC threshold: 21.00 MB
Current GC threshold: 21.00 MB
CDS: on
 - commit_granule_bytes: 65536.
 - commit_granule_words: 8192.
 - virtual_space_node_default_size: 8388608.
 - enlarge_chunks_in_place: 1.
 - use_allocation_guard: 0.


Internal statistics:

num_allocs_failed_limit: 0.
num_arena_births: 178.
num_arena_deaths: 0.
num_vsnodes_births: 2.
num_vsnodes_deaths: 0.
num_space_committed: 62.
num_space_uncommitted: 0.
num_chunks_returned_to_freelist: 0.
num_chunks_taken_from_freelist: 234.
num_chunk_merges: 0.
num_chunk_splits: 151.
num_chunks_enlarged: 85.
num_inconsistent_stats: 0.

CodeHeap 'non-profiled nmethods': size=120000Kb used=393Kb max_used=393Kb free=119606Kb
 bounds [0x0000023b8f4f0000, 0x0000023b8f760000, 0x0000023b96a20000]
CodeHeap 'profiled nmethods': size=120000Kb used=1592Kb max_used=1592Kb free=118407Kb
 bounds [0x0000023b87a20000, 0x0000023b87c90000, 0x0000023b8ef50000]
CodeHeap 'non-nmethods': size=5760Kb used=1190Kb max_used=1227Kb free=4569Kb
 bounds [0x0000023b8ef50000, 0x0000023b8f1c0000, 0x0000023b8f4f0000]
CodeCache: size=245760Kb, used=3175Kb, max_used=3212Kb, free=242582Kb
 total_blobs=1449, nmethods=998, adapters=358, full_count=0
Compilation: enabled, stopped_count=0, restarted_count=0

Compilation events (20 events):
Event: 1.107 Thread 0x0000023bde26b990  992       3       jdk.internal.org.objectweb.asm.SymbolTable::addConstantMethodref (24 bytes)
Event: 1.107 Thread 0x0000023bde26b990 nmethod 992 0x0000023b87baa990 code [0x0000023b87baab40, 0x0000023b87baace0]
Event: 1.107 Thread 0x0000023bde26b990  993       3       jdk.internal.org.objectweb.asm.AnnotationWriter::create (34 bytes)
Event: 1.107 Thread 0x0000023bde26b990 nmethod 993 0x0000023b87baad90 code [0x0000023b87baaf80, 0x0000023b87bab400]
Event: 1.112 Thread 0x0000023bde26b990  994       3       java.util.WeakHashMap::getTable (9 bytes)
Event: 1.113 Thread 0x0000023bde26b990 nmethod 994 0x0000023b87bab610 code [0x0000023b87bab7c0, 0x0000023b87bab910]
Event: 1.113 Thread 0x0000023bde26b990  995   !   3       java.util.WeakHashMap::expungeStaleEntries (139 bytes)
Event: 1.114 Thread 0x0000023bde26b990 nmethod 995 0x0000023b87bab990 code [0x0000023b87babba0, 0x0000023b87bac368]
Event: 1.114 Thread 0x0000023bde26b990  996       3       java.util.WeakHashMap::indexFor (6 bytes)
Event: 1.114 Thread 0x0000023bde26b990 nmethod 996 0x0000023b87bac710 code [0x0000023b87bac8a0, 0x0000023b87bac998]
Event: 1.116 Thread 0x0000023bde26b990  997       3       java.util.Arrays::equals (43 bytes)
Event: 1.116 Thread 0x0000023bde26b990 nmethod 997 0x0000023b87baca10 code [0x0000023b87bacbe0, 0x0000023b87bacea8]
Event: 1.121 Thread 0x0000023bde26b990  998       3       java.lang.ClassLoader::loadClass (7 bytes)
Event: 1.121 Thread 0x0000023bde26b990 nmethod 998 0x0000023b87bacf90 code [0x0000023b87bad140, 0x0000023b87bad318]
Event: 1.122 Thread 0x0000023bde26b990  999       3       jdk.internal.ref.CleanerImpl::getCleanerImpl (13 bytes)
Event: 1.122 Thread 0x0000023bde26b990 nmethod 999 0x0000023b87bad390 code [0x0000023b87bad540, 0x0000023b87bad800]
Event: 1.122 Thread 0x0000023bde26b990 1000       3       java.lang.ref.Cleaner$1::apply (9 bytes)
Event: 1.122 Thread 0x0000023bde26b990 nmethod 1000 0x0000023b87bad910 code [0x0000023b87badac0, 0x0000023b87badd30]
Event: 1.122 Thread 0x0000023bde26b990 1001       3       java.lang.ref.Cleaner$1::apply (5 bytes)
Event: 1.123 Thread 0x0000023bde26b990 nmethod 1001 0x0000023b87bade10 code [0x0000023b87badfa0, 0x0000023b87bae0b8]

GC Heap History (0 events):
No events

Dll operation events (8 events):
Event: 0.027 Loaded shared library c:\Users\HP\.antigravity\extensions\redhat.java-1.53.0-win32-x64\jre\21.0.10-win32-x86_64\bin\java.dll
Event: 0.190 Loaded shared library c:\Users\HP\.antigravity\extensions\redhat.java-1.53.0-win32-x64\jre\21.0.10-win32-x86_64\bin\zip.dll
Event: 0.235 Loaded shared library C:\Users\HP\.antigravity\extensions\redhat.java-1.53.0-win32-x64\jre\21.0.10-win32-x86_64\bin\instrument.dll
Event: 0.244 Loaded shared library C:\Users\HP\.antigravity\extensions\redhat.java-1.53.0-win32-x64\jre\21.0.10-win32-x86_64\bin\net.dll
Event: 0.249 Loaded shared library C:\Users\HP\.antigravity\extensions\redhat.java-1.53.0-win32-x64\jre\21.0.10-win32-x86_64\bin\nio.dll
Event: 0.255 Loaded shared library C:\Users\HP\.antigravity\extensions\redhat.java-1.53.0-win32-x64\jre\21.0.10-win32-x86_64\bin\zip.dll
Event: 0.298 Loaded shared library C:\Users\HP\.antigravity\extensions\redhat.java-1.53.0-win32-x64\jre\21.0.10-win32-x86_64\bin\jimage.dll
Event: 0.448 Loaded shared library c:\Users\HP\.antigravity\extensions\redhat.java-1.53.0-win32-x64\jre\21.0.10-win32-x86_64\bin\verify.dll

Deoptimization events (20 events):
Event: 0.816 Thread 0x0000023b8259a040 DEOPT PACKING pc=0x0000023b8f520970 sp=0x000000f662afdf60
Event: 0.816 Thread 0x0000023b8259a040 DEOPT UNPACKING pc=0x0000023b8efa3aa2 sp=0x000000f662afdee0 mode 2
Event: 0.818 Thread 0x0000023b8259a040 DEOPT PACKING pc=0x0000023b87b1ae04 sp=0x000000f662afd8f0
Event: 0.818 Thread 0x0000023b8259a040 DEOPT UNPACKING pc=0x0000023b8efa4242 sp=0x000000f662afcd48 mode 0
Event: 0.818 Thread 0x0000023b8259a040 DEOPT PACKING pc=0x0000023b87b1ae04 sp=0x000000f662afd980
Event: 0.818 Thread 0x0000023b8259a040 DEOPT UNPACKING pc=0x0000023b8efa4242 sp=0x000000f662afcdd8 mode 0
Event: 0.819 Thread 0x0000023b8259a040 Uncommon trap: trap_request=0xffffff6e fr.pc=0x0000023b8f53041c relative=0x00000000000001fc
Event: 0.819 Thread 0x0000023b8259a040 Uncommon trap: reason=loop_limit_check action=maybe_recompile pc=0x0000023b8f53041c method=java.math.BigInteger.implMulAdd([I[IIII)I @ 26 c2
Event: 0.819 Thread 0x0000023b8259a040 DEOPT PACKING pc=0x0000023b8f53041c sp=0x000000f662afd900
Event: 0.819 Thread 0x0000023b8259a040 DEOPT UNPACKING pc=0x0000023b8efa3aa2 sp=0x000000f662afd850 mode 2
Event: 0.892 Thread 0x0000023b8259a040 Uncommon trap: trap_request=0xffffff45 fr.pc=0x0000023b8f537dac relative=0x000000000000008c
Event: 0.892 Thread 0x0000023b8259a040 Uncommon trap: reason=unstable_if action=reinterpret pc=0x0000023b8f537dac method=jdk.internal.misc.Unsafe.convEndian(ZI)I @ 4 c2
Event: 0.892 Thread 0x0000023b8259a040 DEOPT PACKING pc=0x0000023b8f537dac sp=0x000000f662afdc60
Event: 0.892 Thread 0x0000023b8259a040 DEOPT UNPACKING pc=0x0000023b8efa3aa2 sp=0x000000f662afdb90 mode 2
Event: 0.895 Thread 0x0000023b8259a040 Uncommon trap: trap_request=0xffffff45 fr.pc=0x0000023b8f51cbe0 relative=0x0000000000000600
Event: 0.895 Thread 0x0000023b8259a040 Uncommon trap: reason=unstable_if action=reinterpret pc=0x0000023b8f51cbe0 method=java.lang.AbstractStringBuilder.append(Ljava/lang/String;)Ljava/lang/AbstractStringBuilder; @ 1 c2
Event: 0.895 Thread 0x0000023b8259a040 DEOPT PACKING pc=0x0000023b8f51cbe0 sp=0x000000f662afdfc0
Event: 0.895 Thread 0x0000023b8259a040 DEOPT UNPACKING pc=0x0000023b8efa3aa2 sp=0x000000f662afdf50 mode 2
Event: 0.916 Thread 0x0000023b8259a040 DEOPT PACKING pc=0x0000023b87b3137b sp=0x000000f662afd4a0
Event: 0.916 Thread 0x0000023b8259a040 DEOPT UNPACKING pc=0x0000023b8efa4242 sp=0x000000f662afc918 mode 0

Classes loaded (20 events):
Event: 1.125 Loading class sun/reflect/generics/tree/SimpleClassTypeSignature
Event: 1.125 Loading class sun/reflect/generics/tree/FieldTypeSignature
Event: 1.125 Loading class sun/reflect/generics/tree/BaseType
Event: 1.125 Loading class sun/reflect/generics/tree/TypeSignature
Event: 1.125 Loading class sun/reflect/generics/tree/ReturnType
Event: 1.125 Loading class sun/reflect/generics/tree/ReturnType done
Event: 1.125 Loading class sun/reflect/generics/tree/TypeSignature done
Event: 1.125 Loading class sun/reflect/generics/tree/BaseType done
Event: 1.125 Loading class sun/reflect/generics/tree/FieldTypeSignature done
Event: 1.125 Loading class sun/reflect/generics/tree/SimpleClassTypeSignature done
Event: 1.125 Loading class sun/reflect/generics/tree/ClassTypeSignature
Event: 1.125 Loading class sun/reflect/generics/tree/ClassTypeSignature done
Event: 1.125 Loading class sun/reflect/generics/scope/ClassScope
Event: 1.125 Loading class sun/reflect/generics/scope/Scope
Event: 1.126 Loading class sun/reflect/generics/scope/Scope done
Event: 1.126 Loading class sun/reflect/generics/scope/AbstractScope
Event: 1.126 Loading class sun/reflect/generics/scope/AbstractScope done
Event: 1.126 Loading class sun/reflect/generics/scope/ClassScope done
Event: 1.126 Loading class sun/reflect/generics/factory/CoreReflectionFactory
Event: 1.126 Loading class sun/reflect/generics/factory/GenericsFactory

Classes unloaded (0 events):
No events

Classes redefined (0 events):
No events

Internal exceptions (20 events):
Event: 0.380 Thread 0x0000023b8259a040 Exception <a 'java/lang/NoSuchMethodError'{0x00000000d59e8068}: 'void java.lang.invoke.DelegatingMethodHandle$Holder.reinvoke_L(java.lang.Object, java.lang.Object, java.lang.Object, int, java.lang.Object)'> (0x00000000d59e8068) 
thrown [s\src\hotspot\share\interpreter\linkResolver.cpp, line 773]
Event: 0.385 Thread 0x0000023b8259a040 Exception <a 'java/lang/NoSuchMethodError'{0x00000000d59f89b8}: 'int java.lang.invoke.DirectMethodHandle$Holder.invokeSpecial(java.lang.Object, java.lang.Object, java.lang.Object)'> (0x00000000d59f89b8) 
thrown [s\src\hotspot\share\interpreter\linkResolver.cpp, line 773]
Event: 0.388 Thread 0x0000023b8259a040 Exception <a 'java/lang/NoSuchMethodError'{0x00000000d5a04678}: 'java.lang.Object java.lang.invoke.DirectMethodHandle$Holder.invokeStatic(java.lang.Object, java.lang.Object, int)'> (0x00000000d5a04678) 
thrown [s\src\hotspot\share\interpreter\linkResolver.cpp, line 773]
Event: 0.390 Thread 0x0000023b8259a040 Exception <a 'java/lang/NoSuchMethodError'{0x00000000d5a08fc8}: 'void java.lang.invoke.DirectMethodHandle$Holder.invokeStatic(java.lang.Object, java.lang.Object, int, java.lang.Object)'> (0x00000000d5a08fc8) 
thrown [s\src\hotspot\share\interpreter\linkResolver.cpp, line 773]
Event: 0.391 Thread 0x0000023b8259a040 Exception <a 'java/lang/NoSuchMethodError'{0x00000000d5a0cb58}: 'void java.lang.invoke.DirectMethodHandle$Holder.invokeSpecial(java.lang.Object, java.lang.Object, java.lang.Object, int, java.lang.Object)'> (0x00000000d5a0cb58) 
thrown [s\src\hotspot\share\interpreter\linkResolver.cpp, line 773]
Event: 0.393 Thread 0x0000023b8259a040 Exception <a 'java/lang/NoSuchMethodError'{0x00000000d5a0ffc8}: 'void java.lang.invoke.DelegatingMethodHandle$Holder.delegate(java.lang.Object, java.lang.Object, int, java.lang.Object)'> (0x00000000d5a0ffc8) 
thrown [s\src\hotspot\share\interpreter\linkResolver.cpp, line 773]
Event: 0.490 Thread 0x0000023b8259a040 Exception <a 'java/lang/NoSuchMethodError'{0x00000000d5bcf3a0}: 'void java.lang.invoke.DelegatingMethodHandle$Holder.reinvoke_L(java.lang.Object, java.lang.Object, java.lang.Object, int)'> (0x00000000d5bcf3a0) 
thrown [s\src\hotspot\share\interpreter\linkResolver.cpp, line 773]
Event: 0.706 Thread 0x0000023b8259a040 Exception <a 'java/lang/NoSuchMethodError'{0x00000000d605b6e8}: 'void java.lang.invoke.DirectMethodHandle$Holder.invokeVirtual(java.lang.Object, java.lang.Object)'> (0x00000000d605b6e8) 
thrown [s\src\hotspot\share\interpreter\linkResolver.cpp, line 773]
Event: 0.857 Thread 0x0000023b8259a040 Exception <a 'java/lang/NoSuchMethodError'{0x00000000d6440358}: 'void java.lang.invoke.DirectMethodHandle$Holder.invokeStatic(java.lang.Object, java.lang.Object)'> (0x00000000d6440358) 
thrown [s\src\hotspot\share\interpreter\linkResolver.cpp, line 773]
Event: 0.865 Thread 0x0000023b8259a040 Exception <a 'java/lang/ClassNotFoundException'{0x00000000d6468458}: sun/net/www/protocol/c/Handler> (0x00000000d6468458) 
thrown [s\src\hotspot\share\classfile\systemDictionary.cpp, line 312]
Event: 0.888 Thread 0x0000023b8259a040 Exception <a 'java/io/FileNotFoundException'{0x00000000d64c6978}> (0x00000000d64c6978) 
thrown [s\src\hotspot\share\prims\jni.cpp, line 520]
Event: 0.889 Thread 0x0000023b8259a040 Exception <a 'java/io/FileNotFoundException'{0x00000000d64c7ca8}> (0x00000000d64c7ca8) 
thrown [s\src\hotspot\share\prims\jni.cpp, line 520]
Event: 0.889 Thread 0x0000023b8259a040 Exception <a 'java/io/FileNotFoundException'{0x00000000d64c8928}> (0x00000000d64c8928) 
thrown [s\src\hotspot\share\prims\jni.cpp, line 520]
Event: 0.890 Thread 0x0000023b8259a040 Exception <a 'java/io/FileNotFoundException'{0x00000000d64c9488}> (0x00000000d64c9488) 
thrown [s\src\hotspot\share\prims\jni.cpp, line 520]
Event: 0.895 Thread 0x0000023b8259a040 Implicit null exception at 0x0000023b8f51c624 to 0x0000023b8f51cbc8
Event: 0.898 Thread 0x0000023b8259a040 Exception <a 'java/io/FileNotFoundException'{0x00000000d6503620}> (0x00000000d6503620) 
thrown [s\src\hotspot\share\prims\jni.cpp, line 520]
Event: 0.914 Thread 0x0000023b8259a040 Exception <a 'java/lang/NoSuchMethodError'{0x00000000d6540018}: 'java.lang.Object java.lang.invoke.DirectMethodHandle$Holder.invokeInterface(java.lang.Object, java.lang.Object)'> (0x00000000d6540018) 
thrown [s\src\hotspot\share\interpreter\linkResolver.cpp, line 773]
Event: 0.919 Thread 0x0000023b8259a040 Exception <a 'java/lang/NoSuchMethodError'{0x00000000d6553a90}: 'java.lang.Object java.lang.invoke.Invokers$Holder.invokeExact_MT(java.lang.Object, java.lang.Object, java.lang.Object, java.lang.Object, java.lang.Object, java.lang.Object)'> (0x00000000d6553a90) 
thrown [s\src\hotspot\share\interpreter\linkResolver.cpp, line 773]
Event: 0.925 Thread 0x0000023b8259a040 Exception <a 'java/lang/NoSuchMethodError'{0x00000000d656ab68}: 'int java.lang.invoke.DirectMethodHandle$Holder.invokeStatic(java.lang.Object, java.lang.Object, java.lang.Object, java.lang.Object, java.lang.Object)'> (0x00000000d656ab68) 
thrown [s\src\hotspot\share\interpreter\linkResolver.cpp, line 773]
Event: 0.964 Thread 0x0000023b8259a040 Exception <a 'java/lang/NoSuchMethodError'{0x00000000d6601bc8}: 'java.lang.Object java.lang.invoke.DirectMethodHandle$Holder.invokeInterface(java.lang.Object, java.lang.Object, int)'> (0x00000000d6601bc8) 
thrown [s\src\hotspot\share\interpreter\linkResolver.cpp, line 773]

ZGC Phase Switch (0 events):
No events

VM Operations (8 events):
Event: 0.187 Executing non-safepoint VM operation: HandshakeAllThreads (Deoptimize)
Event: 0.187 Executing non-safepoint VM operation: HandshakeAllThreads (Deoptimize) done
Event: 0.320 Executing non-safepoint VM operation: HandshakeAllThreads (Deoptimize)
Event: 0.320 Executing non-safepoint VM operation: HandshakeAllThreads (Deoptimize) done
Event: 0.828 Executing non-safepoint VM operation: HandshakeAllThreads (Deoptimize)
Event: 0.828 Executing non-safepoint VM operation: HandshakeAllThreads (Deoptimize) done
Event: 0.850 Executing non-safepoint VM operation: HandshakeAllThreads (Deoptimize)
Event: 0.850 Executing non-safepoint VM operation: HandshakeAllThreads (Deoptimize) done

Memory protections (0 events):
No events

Nmethod flushes (0 events):
No events

Events (13 events):
Event: 0.076 Thread 0x0000023b8259a040 Thread added: 0x0000023b8259a040
Event: 0.107 Thread 0x0000023b8259a040 Thread added: 0x0000023b9b2cdaf0
Event: 0.107 Thread 0x0000023b8259a040 Thread added: 0x0000023bde2363b0
Event: 0.108 Thread 0x0000023b8259a040 Thread added: 0x0000023bde23ab50
Event: 0.108 Thread 0x0000023b8259a040 Thread added: 0x0000023bde23b5b0
Event: 0.108 Thread 0x0000023b8259a040 Thread added: 0x0000023bde23c010
Event: 0.109 Thread 0x0000023b8259a040 Thread added: 0x0000023bde23ca70
Event: 0.109 Thread 0x0000023b8259a040 Thread added: 0x0000023bde23f8c0
Event: 0.110 Thread 0x0000023b8259a040 Thread added: 0x0000023bde26b990
Event: 0.220 Thread 0x0000023bde26b990 Thread added: 0x0000023bde4385e0
Event: 0.238 Thread 0x0000023b8259a040 Thread added: 0x0000023bde4c1d30
Event: 0.623 Thread 0x0000023b8259a040 Thread added: 0x0000023bde536af0
Event: 0.755 Thread 0x0000023bde26b990 Thread added: 0x0000023bde69e540


Dynamic libraries:
0x00007ff7e7f20000 - 0x00007ff7e7f2e000 	c:\Users\HP\.antigravity\extensions\redhat.java-1.53.0-win32-x64\jre\21.0.10-win32-x86_64\bin\java.exe
0x00007ffc32860000 - 0x00007ffc32ac6000 	C:\WINDOWS\SYSTEM32\ntdll.dll
0x00007ffc30f30000 - 0x00007ffc30ff9000 	C:\WINDOWS\System32\KERNEL32.DLL
0x00007ffc2fcf0000 - 0x00007ffc300ea000 	C:\WINDOWS\System32\KERNELBASE.dll
0x00007ffc2fba0000 - 0x00007ffc2fcec000 	C:\WINDOWS\System32\ucrtbase.dll
0x00007ffc08fd0000 - 0x00007ffc08fe8000 	c:\Users\HP\.antigravity\extensions\redhat.java-1.53.0-win32-x64\jre\21.0.10-win32-x86_64\bin\jli.dll
0x00007ffc305d0000 - 0x00007ffc30797000 	C:\WINDOWS\System32\USER32.dll
0x00007ffc305a0000 - 0x00007ffc305c7000 	C:\WINDOWS\System32\win32u.dll
0x00007ffc312c0000 - 0x00007ffc312eb000 	C:\WINDOWS\System32\GDI32.dll
0x00007ffc303b0000 - 0x00007ffc304db000 	C:\WINDOWS\System32\gdi32full.dll
0x00007ffc2faf0000 - 0x00007ffc2fb93000 	C:\WINDOWS\System32\msvcp_win.dll
0x00007ffc0c720000 - 0x00007ffc0c73e000 	c:\Users\HP\.antigravity\extensions\redhat.java-1.53.0-win32-x64\jre\21.0.10-win32-x86_64\bin\VCRUNTIME140.dll
0x00007ffc0b740000 - 0x00007ffc0b9d2000 	C:\WINDOWS\WinSxS\amd64_microsoft.windows.common-controls_6595b64144ccf1df_6.0.26100.8521_none_3e08b75ce33403b3\COMCTL32.dll
0x00007ffc31ff0000 - 0x00007ffc32099000 	C:\WINDOWS\System32\msvcrt.dll
0x00007ffc31780000 - 0x00007ffc317b2000 	C:\WINDOWS\System32\IMM32.DLL
0x00007ffc10d90000 - 0x00007ffc10d9c000 	c:\Users\HP\.antigravity\extensions\redhat.java-1.53.0-win32-x64\jre\21.0.10-win32-x86_64\bin\vcruntime140_1.dll
0x00007ffba22a0000 - 0x00007ffba232d000 	c:\Users\HP\.antigravity\extensions\redhat.java-1.53.0-win32-x64\jre\21.0.10-win32-x86_64\bin\msvcp140.dll
0x00007ffb48b40000 - 0x00007ffb498e1000 	c:\Users\HP\.antigravity\extensions\redhat.java-1.53.0-win32-x64\jre\21.0.10-win32-x86_64\bin\server\jvm.dll
0x00007ffc32310000 - 0x00007ffc323c6000 	C:\WINDOWS\System32\ADVAPI32.dll
0x00007ffc32530000 - 0x00007ffc325da000 	C:\WINDOWS\System32\sechost.dll
0x00007ffc325e0000 - 0x00007ffc326f8000 	C:\WINDOWS\System32\RPCRT4.dll
0x00007ffc317f0000 - 0x00007ffc31870000 	C:\WINDOWS\System32\WS2_32.dll
0x00007ffc2f970000 - 0x00007ffc2f9ce000 	C:\WINDOWS\SYSTEM32\POWRPROF.dll
0x00007ffc2a4d0000 - 0x00007ffc2a506000 	C:\WINDOWS\SYSTEM32\WINMM.dll
0x00007ffc1fcc0000 - 0x00007ffc1fccb000 	C:\WINDOWS\SYSTEM32\VERSION.dll
0x00007ffc2f950000 - 0x00007ffc2f964000 	C:\WINDOWS\SYSTEM32\UMPDC.dll
0x00007ffc2e840000 - 0x00007ffc2e85b000 	C:\WINDOWS\SYSTEM32\kernel.appcore.dll
0x00007ffc0fe90000 - 0x00007ffc0fe9a000 	c:\Users\HP\.antigravity\extensions\redhat.java-1.53.0-win32-x64\jre\21.0.10-win32-x86_64\bin\jimage.dll
0x00007ffc2d250000 - 0x00007ffc2d492000 	C:\WINDOWS\SYSTEM32\DBGHELP.DLL
0x00007ffc31880000 - 0x00007ffc31c03000 	C:\WINDOWS\System32\combase.dll
0x00007ffc31d20000 - 0x00007ffc31df9000 	C:\WINDOWS\System32\OLEAUT32.dll
0x00007ffc10350000 - 0x00007ffc1038b000 	C:\WINDOWS\SYSTEM32\dbgcore.DLL
0x00007ffc30270000 - 0x00007ffc30318000 	C:\WINDOWS\System32\bcryptPrimitives.dll
0x00007ffc0cbd0000 - 0x00007ffc0cbdf000 	c:\Users\HP\.antigravity\extensions\redhat.java-1.53.0-win32-x64\jre\21.0.10-win32-x86_64\bin\instrument.dll
0x00007ffc08ee0000 - 0x00007ffc08f00000 	c:\Users\HP\.antigravity\extensions\redhat.java-1.53.0-win32-x64\jre\21.0.10-win32-x86_64\bin\java.dll
0x00007ffc307a0000 - 0x00007ffc30f24000 	C:\WINDOWS\System32\SHELL32.dll
0x00007ffc2d680000 - 0x00007ffc2df00000 	C:\WINDOWS\SYSTEM32\windows.storage.dll
0x00007ffc32720000 - 0x00007ffc32816000 	C:\WINDOWS\System32\SHCORE.dll
0x00007ffc32100000 - 0x00007ffc32167000 	C:\WINDOWS\System32\shlwapi.dll
0x00007ffc2fa10000 - 0x00007ffc2fa39000 	C:\WINDOWS\SYSTEM32\profapi.dll
0x00007ffc08f70000 - 0x00007ffc08f88000 	c:\Users\HP\.antigravity\extensions\redhat.java-1.53.0-win32-x64\jre\21.0.10-win32-x86_64\bin\zip.dll
0x00007ffc0c9b0000 - 0x00007ffc0c9c0000 	C:\Users\HP\.antigravity\extensions\redhat.java-1.53.0-win32-x64\jre\21.0.10-win32-x86_64\bin\net.dll
0x00007ffc20a80000 - 0x00007ffc20ba9000 	C:\WINDOWS\SYSTEM32\WINHTTP.dll
0x00007ffc2ed90000 - 0x00007ffc2edfc000 	C:\WINDOWS\system32\mswsock.dll
0x00007ffc08e00000 - 0x00007ffc08e16000 	C:\Users\HP\.antigravity\extensions\redhat.java-1.53.0-win32-x64\jre\21.0.10-win32-x86_64\bin\nio.dll
0x00007ffc0c8e0000 - 0x00007ffc0c8f0000 	c:\Users\HP\.antigravity\extensions\redhat.java-1.53.0-win32-x64\jre\21.0.10-win32-x86_64\bin\verify.dll

JVMTI agents:
c:\Users\HP\.antigravity\extensions\redhat.java-1.53.0-win32-x64\lombok\lombok-1.18.39-4050.jar path:c:\Users\HP\.antigravity\extensions\redhat.java-1.53.0-win32-x64\jre\21.0.10-win32-x86_64\bin\instrument.dll, loaded, initialized, instrumentlib options:none

dbghelp: loaded successfully - version: 4.0.5 - missing functions: none
symbol engine: initialized successfully - sym options: 0x614 - pdb path: .;c:\Users\HP\.antigravity\extensions\redhat.java-1.53.0-win32-x64\jre\21.0.10-win32-x86_64\bin;C:\WINDOWS\SYSTEM32;C:\WINDOWS\WinSxS\amd64_microsoft.windows.common-controls_6595b64144ccf1df_6.0.26100.8521_none_3e08b75ce33403b3;c:\Users\HP\.antigravity\extensions\redhat.java-1.53.0-win32-x64\jre\21.0.10-win32-x86_64\bin\server

VM Arguments:
jvm_args: --add-modules=ALL-SYSTEM --add-opens=java.base/java.util=ALL-UNNAMED --add-opens=java.base/java.lang=ALL-UNNAMED --add-opens=java.base/sun.nio.fs=ALL-UNNAMED -Declipse.application=org.eclipse.jdt.ls.core.id1 -Dosgi.bundles.defaultStartLevel=4 -Declipse.product=org.eclipse.jdt.ls.core.product -Djava.import.generatesMetadataFilesAtProjectRoot=false -DDetectVMInstallationsJob.disabled=true -Dfile.encoding=utf8 -XX:+UseParallelGC -XX:GCTimeRatio=4 -XX:AdaptiveSizePolicyWeight=90 -Dsun.zip.disableMemoryMapping=true -Xmx2G -Xms100m -Xlog:disable -javaagent:c:\Users\HP\.antigravity\extensions\redhat.java-1.53.0-win32-x64\lombok\lombok-1.18.39-4050.jar 
java_command: c:\Users\HP\.antigravity\extensions\redhat.java-1.53.0-win32-x64\server\plugins\org.eclipse.equinox.launcher_1.7.100.v20251111-0406.jar -configuration c:\Users\HP\AppData\Roaming\Antigravity\User\globalStorage\redhat.java\1.53.0\config_ss_win -data c:\Users\HP\AppData\Roaming\Antigravity\User\workspaceStorage\7359660f604276e095b57a6af05720f4\redhat.java\ss_ws --pipe=\\.\pipe\lsp-1e716c891cb714609d3e7048bb153c70-sock
java_class_path (initial): c:\Users\HP\.antigravity\extensions\redhat.java-1.53.0-win32-x64\server\plugins\org.eclipse.equinox.launcher_1.7.100.v20251111-0406.jar
Launcher Type: SUN_STANDARD

[Global flags]
    uintx AdaptiveSizePolicyWeight                 = 90                                        {product} {command line}
     intx CICompilerCount                          = 4                                         {product} {ergonomic}
    uintx GCTimeRatio                              = 4                                         {product} {command line}
   size_t InitialHeapSize                          = 104857600                                 {product} {command line}
   size_t MaxHeapSize                              = 2147483648                                {product} {command line}
   size_t MaxNewSize                               = 715653120                                 {product} {ergonomic}
   size_t MinHeapDeltaBytes                        = 524288                                    {product} {ergonomic}
   size_t MinHeapSize                              = 104857600                                 {product} {command line}
   size_t NewSize                                  = 34603008                                  {product} {ergonomic}
    uintx NonNMethodCodeHeapSize                   = 5839372                                {pd product} {ergonomic}
    uintx NonProfiledCodeHeapSize                  = 122909434                              {pd product} {ergonomic}
   size_t OldSize                                  = 70254592                                  {product} {ergonomic}
    uintx ProfiledCodeHeapSize                     = 122909434                              {pd product} {ergonomic}
    uintx ReservedCodeCacheSize                    = 251658240                              {pd product} {ergonomic}
     bool SegmentedCodeCache                       = true                                      {product} {ergonomic}
   size_t SoftMaxHeapSize                          = 2147483648                             {manageable} {ergonomic}
     bool UseCompressedOops                        = true                           {product lp64_product} {ergonomic}
     bool UseLargePagesIndividualAllocation        = false                                  {pd product} {ergonomic}
     bool UseParallelGC                            = true                                      {product} {command line}

Logging:
Log output configuration:
 #0: stdout all=off uptime,level,tags foldmultilines=false
 #1: stderr all=off uptime,level,tags foldmultilines=false

Release file:
JAVA_VERSION="21.0.10" 
MODULES="java.base java.compiler java.datatransfer java.xml java.prefs java.desktop java.instrument java.logging java.management java.security.sasl java.naming java.rmi java.management.rmi java.net.http java.scripting java.security.jgss java.transaction.xa java.sql java.sql.rowset java.xml.crypto java.se java.smartcardio jdk.accessibility jdk.internal.jvmstat jdk.attach jdk.charsets jdk.internal.opt jdk.zipfs jdk.compiler jdk.crypto.ec jdk.crypto.cryptoki jdk.crypto.mscapi jdk.dynalink jdk.internal.ed jdk.editpad jdk.hotspot.agent jdk.httpserver jdk.internal.le jdk.internal.vm.ci jdk.internal.vm.compiler jdk.internal.vm.compiler.management jdk.jartool jdk.javadoc jdk.jcmd jdk.management jdk.management.agent jdk.jconsole jdk.jdeps jdk.jdwp.agent jdk.jdi jdk.jfr jdk.jshell jdk.jsobject jdk.jstatd jdk.localedata jdk.management.jfr jdk.naming.dns jdk.naming.rmi jdk.net jdk.nio.mapmode jdk.random jdk.sctp jdk.security.auth jdk.security.jgss jdk.unsupported jdk.unsupported.desktop jdk.xml.dom" 

Environment Variables:
PATH=C:\Program Files\Java\jdk-24\bin;C:\Program Files\cursor\resources\app\bin;C:\ProgramData\chocolatey\lib\maven\apache-maven-3.9.11\bin;C:\WINDOWS\System32\OpenSSH\;C:\Users\HP\Downloads\maven-mvnd-1.0.3-windows-amd64.tar.gz\maven-mvnd-1.0.3-windows-amd64\bin;C:\Program Files\PuTTY\;C:\Program Files\Docker\Docker\resources\bin;C:\Program Files (x86)\Windows Kits\10\Windows Performance Toolkit\;C:\Users\HP\OneDrive\Desktop\CodeBlocks\MinGW\bin;C:\Users\HP\AppData\Local\Programs\Python\Python313\;C:\Program Files\MySQL\MySQL Shell 8.0\bin\;C:\Program Files\JetBrains\PyCharm Community Edition 2024.2.4\bin;;C:\Users\HP\AppData\Local\Programs\Microsoft VS Code\bin;C:\Users\HP\AppData\Local\Microsoft\WindowsApps;C:\Users\HP\AppData\Roaming\Composer\vendor\bin;C:\Users\HP\composer;C:\Program Files (x86)\MongoDB Atlas CLI\;C:\Users\HP\AppData\Local\Programs\Python\Python313;C:\Users\HP\AppData\Local\Programs\Python\Python313\Scripts;C:\Program Files\Java\jdk-24\bin;C:\MinGW\bin;C:\Program Files\Git\bin;C:\Users\HP\Downloads;C:\Program Files\JetBrains\IntelliJ IDEA 2025.2.3\bin;C:\Program Files\nodejs;C:\Program Files\PostgreSQL\18\bin;C:\Users\HP\Downloads\maven-mvnd-1.0.3-windows-amd64.tar.gz\maven-mvnd-1.0.3-windows-amd64\bin;C:\Users\HP\AppData\Local\Programs\Antigravity\bin;C:\Users\HP\AppData\Roaming\npm;
USERNAME=DARYWISE
OS=Windows_NT
PROCESSOR_IDENTIFIER=Intel64 Family 6 Model 186 Stepping 3, GenuineIntel
TMP=C:\Users\HP\AppData\Local\Temp
TEMP=C:\Users\HP\AppData\Local\Temp




Periodic native trim disabled

---------------  S Y S T E M  ---------------

OS:
 Windows 11 , 64 bit Build 26100 (10.0.26100.8521)
OS uptime: 0 days 20:32 hours
Hyper-V role detected

CPU: total 12 (initial active 12) (6 cores per cpu, 2 threads per core) family 6 model 186 stepping 3 microcode 0x6134, cx8, cmov, fxsr, ht, mmx, 3dnowpref, sse, sse2, sse3, ssse3, sse4.1, sse4.2, popcnt, lzcnt, tsc, tscinvbit, avx, avx2, aes, erms, clmul, bmi1, bmi2, adx, sha, fma, vzeroupper, clflush, clflushopt, clwb, hv, serialize, rdtscp, rdpid, fsrm, f16c, cet_ibt, cet_ss
Processor Information for the first 12 processors :
  Max Mhz: 1700, Current Mhz: 1700, Mhz Limit: 1700

Memory: 4k page, system-wide physical 13976M (1270M free)
TotalPageFile size 30646M (AvailPageFile size 0M)
current process WorkingSet (physical memory assigned to process): 73M, peak: 75M
current process commit charge ("private bytes"): 241M, peak: 243M

vm_info: OpenJDK 64-Bit Server VM (21.0.10+7-LTS) for windows-amd64 JRE (21.0.10+7-LTS), built on 2026-01-20T00:00:00Z by "admin" with MS VC++ 17.12 (VS2022)

END.
