#
# There is insufficient memory for the Java Runtime Environment to continue.
# Native memory allocation (mmap) failed to map 65536 bytes. Error detail: Failed to commit metaspace.
# Possible reasons:
#   The system is out of physical RAM or swap space
#   This process is running with CompressedOops enabled, and the Java Heap may be blocking the growth of the native heap
# Possible solutions:
#   Reduce memory load on the system
#   Increase physical memory or swap space
#   Check if swap backing store is full
#   Decrease Java heap size (-Xmx/-Xms)
#   Decrease number of Java threads
#   Decrease Java thread stack sizes (-Xss)
#   Set larger code cache with -XX:ReservedCodeCacheSize=
#   JVM is running with Unscaled Compressed Oops mode in which the Java heap is
#     placed in the first 4GB address space. The Java Heap base address is the
#     maximum limit for the native heap growth. Please use -XX:HeapBaseMinAddress
#     to set the Java Heap base and to place the Java Heap above 4GB virtual address.
# This output file may be truncated or incomplete.
#
#  Out of Memory Error (virtualSpaceNode.cpp:113), pid=24036, tid=7444
#
# JRE version: OpenJDK Runtime Environment Temurin-21.0.10+7 (21.0.10+7) (build 21.0.10+7-LTS)
# Java VM: OpenJDK 64-Bit Server VM Temurin-21.0.10+7 (21.0.10+7-LTS, mixed mode, sharing, tiered, compressed oops, compressed class ptrs, parallel gc, windows-amd64)
# No core dump will be written. Minidumps are not enabled by default on client versions of Windows
#

---------------  S U M M A R Y ------------

Command Line: --add-modules=ALL-SYSTEM --add-opens=java.base/java.util=ALL-UNNAMED --add-opens=java.base/java.lang=ALL-UNNAMED --add-opens=java.base/sun.nio.fs=ALL-UNNAMED -Declipse.application=org.eclipse.jdt.ls.core.id1 -Dosgi.bundles.defaultStartLevel=4 -Declipse.product=org.eclipse.jdt.ls.core.product -Djava.import.generatesMetadataFilesAtProjectRoot=false -DDetectVMInstallationsJob.disabled=true -Dfile.encoding=utf8 -XX:+UseParallelGC -XX:GCTimeRatio=4 -XX:AdaptiveSizePolicyWeight=90 -Dsun.zip.disableMemoryMapping=true -Xmx2G -Xms100m -Xlog:disable -javaagent:c:\Users\HP\.antigravity\extensions\redhat.java-1.53.0-win32-x64\lombok\lombok-1.18.39-4050.jar -XX:+HeapDumpOnOutOfMemoryError -XX:HeapDumpPath=c:\Users\HP\AppData\Roaming\Antigravity\User\workspaceStorage\7359660f604276e095b57a6af05720f4\redhat.java -Daether.dependencyCollector.impl=bf c:\Users\HP\.antigravity\extensions\redhat.java-1.53.0-win32-x64\server\plugins\org.eclipse.equinox.launcher_1.7.100.v20251111-0406.jar -configuration c:\Users\HP\AppData\Roaming\Antigravity\User\globalStorage\redhat.java\1.53.0\config_win -data c:\Users\HP\AppData\Roaming\Antigravity\User\workspaceStorage\7359660f604276e095b57a6af05720f4\redhat.java\jdt_ws --pipe=\\.\pipe\lsp-b83944c05a053d1ddddc220bfef3b5f1-sock

Host: 13th Gen Intel(R) Core(TM) i7-1355U, 12 cores, 13G,  Windows 11 , 64 bit Build 26100 (10.0.26100.8521)
Time: Fri May 29 15:45:52 2026 South Africa Standard Time elapsed time: 0.726026 seconds (0d 0h 0m 0s)

---------------  T H R E A D  ---------------

Current thread (0x00000218a72b9b30):  JavaThread "main"             [_thread_in_vm, id=7444, stack(0x0000005316e00000,0x0000005316f00000) (1024K)]

Stack: [0x0000005316e00000,0x0000005316f00000]
Native frames: (J=compiled Java code, j=interpreted, Vv=VM code, C=native code)
V  [jvm.dll+0x6d7a39]
V  [jvm.dll+0x8b4b26]
V  [jvm.dll+0x8b70de]
V  [jvm.dll+0x8b77c3]
V  [jvm.dll+0x284346]
V  [jvm.dll+0x8b086e]
V  [jvm.dll+0x679444]
V  [jvm.dll+0x6794aa]
V  [jvm.dll+0x67bca6]
V  [jvm.dll+0x67bb72]
V  [jvm.dll+0x679e1e]
V  [jvm.dll+0x26f614]
V  [jvm.dll+0x219f3f]
V  [jvm.dll+0x20f62e]
V  [jvm.dll+0x5b644f]
V  [jvm.dll+0x22168e]
V  [jvm.dll+0x82e12d]
V  [jvm.dll+0x82f15b]
V  [jvm.dll+0x82f724]
V  [jvm.dll+0x82f3b8]
V  [jvm.dll+0x271c6d]
V  [jvm.dll+0x271eaa]
V  [jvm.dll+0x5d9521]
V  [jvm.dll+0x5dbb64]
V  [jvm.dll+0x3e06b2]
V  [jvm.dll+0x3e018d]
C  0x00000218b3df6a71

The last pc belongs to getstatic (printed below).
Java frames: (J=compiled Java code, j=interpreted, Vv=VM code)
j  java.util.Base64.getMimeDecoder()Ljava/util/Base64$Decoder;+0 java.base@21.0.10
j  sun.security.util.SignatureFileVerifier.verifyManifestHash(Ljava/util/jar/Manifest;Lsun/security/util/ManifestDigester;Ljava/util/List;)Z+158 java.base@21.0.10
j  sun.security.util.SignatureFileVerifier.processImpl(Ljava/util/Hashtable;Ljava/util/List;Ljava/lang/String;)V+240 java.base@21.0.10
j  sun.security.util.SignatureFileVerifier.process(Ljava/util/Hashtable;Ljava/util/List;Ljava/lang/String;)V+12 java.base@21.0.10
j  java.util.jar.JarVerifier.processEntry(Lsun/security/util/ManifestEntryVerifier;)V+397 java.base@21.0.10
j  java.util.jar.JarVerifier.update(I[BIILsun/security/util/ManifestEntryVerifier;)V+39 java.base@21.0.10
j  java.util.jar.JarFile.initializeVerifier()V+164 java.base@21.0.10
j  java.util.jar.JarFile.ensureInitialization()V+36 java.base@21.0.10
j  java.util.jar.JavaUtilJarAccessImpl.ensureInitialization(Ljava/util/jar/JarFile;)V+1 java.base@21.0.10
j  jdk.internal.loader.URLClassPath$JarLoader$2.getManifest()Ljava/util/jar/Manifest;+10 java.base@21.0.10
j  jdk.internal.loader.BuiltinClassLoader.defineClass(Ljava/lang/String;Ljdk/internal/loader/Resource;)Ljava/lang/Class;+29 java.base@21.0.10
j  jdk.internal.loader.BuiltinClassLoader.findClassOnClassPathOrNull(Ljava/lang/String;)Ljava/lang/Class;+37 java.base@21.0.10
j  jdk.internal.loader.BuiltinClassLoader.loadClassOrNull(Ljava/lang/String;Z)Ljava/lang/Class;+111 java.base@21.0.10
j  jdk.internal.loader.BuiltinClassLoader.loadClass(Ljava/lang/String;Z)Ljava/lang/Class;+3 java.base@21.0.10
j  jdk.internal.loader.ClassLoaders$AppClassLoader.loadClass(Ljava/lang/String;Z)Ljava/lang/Class;+36 java.base@21.0.10
j  java.lang.ClassLoader.loadClass(Ljava/lang/String;)Ljava/lang/Class;+3 java.base@21.0.10
v  ~StubRoutines::call_stub 0x00000218b3de100d
j  java.lang.Class.forName0(Ljava/lang/String;ZLjava/lang/ClassLoader;Ljava/lang/Class;)Ljava/lang/Class;+0 java.base@21.0.10
j  java.lang.Class.forName(Ljava/lang/String;ZLjava/lang/ClassLoader;Ljava/lang/Class;)Ljava/lang/Class;+37 java.base@21.0.10
j  java.lang.Class.forName(Ljava/lang/String;ZLjava/lang/ClassLoader;)Ljava/lang/Class;+20 java.base@21.0.10
j  sun.launcher.LauncherHelper.loadMainClass(ILjava/lang/String;)Ljava/lang/Class;+95 java.base@21.0.10
j  sun.launcher.LauncherHelper.checkAndLoadMain(ZILjava/lang/String;)Ljava/lang/Class;+42 java.base@21.0.10
v  ~StubRoutines::call_stub 0x00000218b3de100d
getstatic  178 getstatic  [0x00000218b3df69c0, 0x00000218b3df6bb8]  504 bytes
[MachCode]
  0x00000218b3df69c0: 4883 ec08 | c5fa 1104 | 24eb 1f48 | 83ec 10c5 | fb11 0424 | eb14 4883 | ec10 4889 | 0424 48c7 
  0x00000218b3df69e0: 4424 0800 | 0000 00eb | 0150 410f | b755 0148 | 8b4d d0c1 | e202 8b5c | d138 c1eb | 1081 e3ff 
  0x00000218b3df6a00: 0000 0081 | fbb2 0000 | 000f 84b4 | 0000 00bb | b200 0000 | e805 0000 | 00e9 9900 | 0000 488b 
  0x00000218b3df6a20: d348 8d44 | 2408 4c89 | 6dc0 498b | cfc5 f877 | 4989 afb0 | 0300 0049 | 8987 a003 | 0000 4883 
  0x00000218b3df6a40: ec20 40f6 | c40f 0f84 | 1900 0000 | 4883 ec08 | 48b8 3001 | f248 fb7f | 0000 ffd0 | 4883 c408 
  0x00000218b3df6a60: e90c 0000 | 0048 b830 | 01f2 48fb | 7f00 00ff | d048 83c4 | 2049 c787 | a003 0000 | 0000 0000 
  0x00000218b3df6a80: 49c7 87b0 | 0300 0000 | 0000 0049 | c787 a803 | 0000 0000 | 0000 c5f8 | 7749 837f | 0800 0f84 
  0x00000218b3df6aa0: 0500 0000 | e957 a4fe | ff4c 8b6d | c04c 8b75 | c84e 8d74 | f500 c341 | 0fb7 5501 | 488b 4dd0 
  0x00000218b3df6ac0: c1e2 0248 | 8b5c d148 | 8b44 d150 | 4c8b 4cd1 | 404d 8b49 | 704d 8b09 | c1e8 1c83 | e00f 0f85 
  0x00000218b3df6ae0: 0b00 0000 | 410f be04 | 1950 e9b1 | 0000 0083 | f801 0f85 | 0b00 0000 | 410f b604 | 1950 e99d 
  0x00000218b3df6b00: 0000 0083 | f808 0f85 | 0a00 0000 | 418b 0419 | 50e9 8a00 | 0000 83f8 | 040f 850a | 0000 0041 
  0x00000218b3df6b20: 8b04 1950 | e977 0000 | 0083 f802 | 0f85 0b00 | 0000 410f | b704 1950 | e963 0000 | 0083 f803 
  0x00000218b3df6b40: 0f85 0b00 | 0000 410f | bf04 1950 | e94f 0000 | 0083 f805 | 0f85 1a00 | 0000 498b | 0419 4883 
  0x00000218b3df6b60: ec10 4889 | 0424 48c7 | 4424 0800 | 0000 00e9 | 2c00 0000 | 83f8 060f | 8514 0000 | 00c4 c17a 
  0x00000218b3df6b80: 1004 1948 | 83ec 08c5 | fa11 0424 | e90f 0000 | 00c4 c17b | 1004 1948 | 83ec 10c5 | fb11 0424 
  0x00000218b3df6ba0: 410f b65d | 0349 83c5 | 0349 ba10 | 2d81 49fb | 7f00 0041 | ff24 da90 
[/MachCode]

---------------  P R O C E S S  ---------------

Threads class SMR info:
_java_thread_list=0x0000021903a82be0, length=13, elements={
0x00000218a72b9b30, 0x00000218a9754390, 0x00000219011fbf10, 0x00000218a9755f00,
0x00000218a9758a70, 0x00000218a975b8e0, 0x00000218a975c340, 0x00000218a975d0d0,
0x00000219025634c0, 0x000002190274d5c0, 0x000002190276e0b0, 0x0000021902874a60,
0x000002190396ad20
}

Java Threads: ( => current thread )
=>0x00000218a72b9b30 JavaThread "main"                              [_thread_in_vm, id=7444, stack(0x0000005316e00000,0x0000005316f00000) (1024K)]
  0x00000218a9754390 JavaThread "Reference Handler"          daemon [_thread_blocked, id=31640, stack(0x0000005317200000,0x0000005317300000) (1024K)]
  0x00000219011fbf10 JavaThread "Finalizer"                  daemon [_thread_blocked, id=31344, stack(0x0000005317300000,0x0000005317400000) (1024K)]
  0x00000218a9755f00 JavaThread "Signal Dispatcher"          daemon [_thread_blocked, id=10264, stack(0x0000005317400000,0x0000005317500000) (1024K)]
  0x00000218a9758a70 JavaThread "Attach Listener"            daemon [_thread_blocked, id=33648, stack(0x0000005317500000,0x0000005317600000) (1024K)]
  0x00000218a975b8e0 JavaThread "Service Thread"             daemon [_thread_blocked, id=24776, stack(0x0000005317600000,0x0000005317700000) (1024K)]
  0x00000218a975c340 JavaThread "Monitor Deflation Thread"   daemon [_thread_blocked, id=17820, stack(0x0000005317700000,0x0000005317800000) (1024K)]
  0x00000218a975d0d0 JavaThread "C2 CompilerThread0"         daemon [_thread_blocked, id=24944, stack(0x0000005317800000,0x0000005317900000) (1024K)]
  0x00000219025634c0 JavaThread "C1 CompilerThread0"         daemon [_thread_blocked, id=32872, stack(0x0000005317900000,0x0000005317a00000) (1024K)]
  0x000002190274d5c0 JavaThread "C2 CompilerThread1"         daemon [_thread_blocked, id=19356, stack(0x0000005317a00000,0x0000005317b00000) (1024K)]
  0x000002190276e0b0 JavaThread "Common-Cleaner"             daemon [_thread_blocked, id=11368, stack(0x0000005317b00000,0x0000005317c00000) (1024K)]
  0x0000021902874a60 JavaThread "Notification Thread"        daemon [_thread_blocked, id=22776, stack(0x0000005317c00000,0x0000005317d00000) (1024K)]
  0x000002190396ad20 JavaThread "C2 CompilerThread2"         daemon [_thread_blocked, id=7624, stack(0x0000005317d00000,0x0000005317e00000) (1024K)]
Total: 13

Other Threads:
  0x00000219011e4550 VMThread "VM Thread"                           [id=10952, stack(0x0000005317100000,0x0000005317200000) (1024K)]
  0x00000219010dca10 WatcherThread "VM Periodic Task Thread"        [id=2040, stack(0x0000005317000000,0x0000005317100000) (1024K)]
  0x00000218a96ca8d0 WorkerThread "GC Thread#0"                     [id=18096, stack(0x0000005316f00000,0x0000005317000000) (1024K)]
Total: 3

Threads with active compile tasks:
Total: 0

VM state: not at safepoint (normal execution)

VM Mutex/Monitor currently owned by a thread:  ([mutex/lock_event])
[0x00007ffb497fc4e0] Metaspace_lock - owner thread: 0x00000218a72b9b30

Heap address: 0x0000000080000000, size: 2048 MB, Compressed Oops mode: 32-bit

CDS archive(s) mapped at: [0x00000218c0000000-0x00000218c0ba0000-0x00000218c0ba0000), size 12189696, SharedBaseAddress: 0x00000218c0000000, ArchiveRelocationMode: 1.
Compressed class space mapped at: 0x00000218c1000000-0x0000021901000000, reserved size: 1073741824
Narrow klass base: 0x00000218c0000000, Narrow klass shift: 0, Narrow klass range: 0x100000000

GC Precious Log:
 CardTable entry size: 512
 CPUs: 12 total, 12 available
 Memory: 13976M
 Large Page Support: Disabled
 NUMA Support: Disabled
 Compressed Oops: Enabled (32-bit)
 Alignments: Space 512K, Generation 512K, Heap 2M
 Heap Min Capacity: 100M
 Heap Initial Capacity: 100M
 Heap Max Capacity: 2G
 Pre-touch: Disabled
 Parallel Workers: 10

Heap:
 PSYoungGen      total 29696K, used 15058K [0x00000000d5580000, 0x00000000d7680000, 0x0000000100000000)
  eden space 25600K, 58% used [0x00000000d5580000,0x00000000d6434ba8,0x00000000d6e80000)
  from space 4096K, 0% used [0x00000000d7280000,0x00000000d7280000,0x00000000d7680000)
  to   space 4096K, 0% used [0x00000000d6e80000,0x00000000d6e80000,0x00000000d7280000)
 ParOldGen       total 68608K, used 0K [0x0000000080000000, 0x0000000084300000, 0x00000000d5580000)
  object space 68608K, 0% used [0x0000000080000000,0x0000000080000000,0x0000000084300000)
 Metaspace       used 2845K, committed 3008K, reserved 1114112K
  class space    used 297K, committed 384K, reserved 1048576K

Card table byte_map: [0x00000218a9080000,0x00000218a9490000] _byte_map_base: 0x00000218a8c80000

Marking Bits: (ParMarkBitMap*) 0x00007ffb49803450
 Begin Bits: [0x00000218bbb60000, 0x00000218bdb60000)
 End Bits:   [0x00000218bdb60000, 0x00000218bfb60000)

Polling page: 0x00000218a8e70000

Metaspace:

Usage:
  Non-class:      2.49 MB used.
      Class:    297.59 KB used.
       Both:      2.78 MB used.

Virtual space:
  Non-class space:       64.00 MB reserved,       2.56 MB (  4%) committed,  1 nodes.
      Class space:        1.00 GB reserved,     384.00 KB ( <1%) committed,  1 nodes.
             Both:        1.06 GB reserved,       2.94 MB ( <1%) committed. 

Chunk freelists:
   Non-Class:  11.65 MB
       Class:  15.67 MB
        Both:  27.32 MB

MaxMetaspaceSize: unlimited
CompressedClassSpaceSize: 1.00 GB
Initial GC threshold: 21.00 MB
Current GC threshold: 21.00 MB
CDS: on
 - commit_granule_bytes: 65536.
 - commit_granule_words: 8192.
 - virtual_space_node_default_size: 8388608.
 - enlarge_chunks_in_place: 1.
 - use_allocation_guard: 0.


Internal statistics:

num_allocs_failed_limit: 0.
num_arena_births: 82.
num_arena_deaths: 0.
num_vsnodes_births: 2.
num_vsnodes_deaths: 0.
num_space_committed: 47.
num_space_uncommitted: 0.
num_chunks_returned_to_freelist: 0.
num_chunks_taken_from_freelist: 104.
num_chunk_merges: 0.
num_chunk_splits: 73.
num_chunks_enlarged: 47.
num_inconsistent_stats: 0.

CodeHeap 'non-profiled nmethods': size=120000Kb used=259Kb max_used=259Kb free=119740Kb
 bounds [0x00000218b4380000, 0x00000218b45f0000, 0x00000218bb8b0000]
CodeHeap 'profiled nmethods': size=120000Kb used=1061Kb max_used=1061Kb free=118938Kb
 bounds [0x00000218ac8b0000, 0x00000218acb20000, 0x00000218b3de0000]
CodeHeap 'non-nmethods': size=5760Kb used=1182Kb max_used=1201Kb free=4577Kb
 bounds [0x00000218b3de0000, 0x00000218b4050000, 0x00000218b4380000]
CodeCache: size=245760Kb, used=2502Kb, max_used=2521Kb, free=243255Kb
 total_blobs=1146, nmethods=705, adapters=348, full_count=0
Compilation: enabled, stopped_count=0, restarted_count=0

Compilation events (20 events):
Event: 0.677 Thread 0x00000219025634c0 nmethod 698 0x00000218ac9ad790 code [0x00000218ac9ad960, 0x00000218ac9add38]
Event: 0.677 Thread 0x00000219025634c0  699       3       java.lang.invoke.VarForm::getMemberName (38 bytes)
Event: 0.678 Thread 0x00000219025634c0 nmethod 699 0x00000218ac9adf10 code [0x00000218ac9ae0e0, 0x00000218ac9ae430]
Event: 0.678 Thread 0x00000219025634c0  700       3       java.lang.invoke.VarHandleByteArrayAsInts$ArrayHandle::index (12 bytes)
Event: 0.678 Thread 0x00000219025634c0 nmethod 700 0x00000218ac9ae610 code [0x00000218ac9ae7c0, 0x00000218ac9ae908]
Event: 0.678 Thread 0x00000219025634c0  701       3       java.lang.invoke.VarHandle::checkAccessModeThenIsDirect (29 bytes)
Event: 0.678 Thread 0x00000219025634c0 nmethod 701 0x00000218ac9aea10 code [0x00000218ac9aec20, 0x00000218ac9af488]
Event: 0.679 Thread 0x00000219025634c0  702       3       java.lang.invoke.VarHandle::accessModeType (41 bytes)
Event: 0.679 Thread 0x00000219025634c0 nmethod 702 0x00000218ac9af790 code [0x00000218ac9af980, 0x00000218ac9b00b0]
Event: 0.690 Thread 0x00000219025634c0  705   !   3       java.lang.String::<init> (880 bytes)
Event: 0.699 Thread 0x00000219025634c0 nmethod 705 0x00000218ac9b0310 code [0x00000218ac9b0cc0, 0x00000218ac9b6ba8]
Event: 0.700 Thread 0x00000219025634c0  707       3       jdk.internal.util.ArraysSupport::hashCode (33 bytes)
Event: 0.700 Thread 0x000002190396ad20  685 %     4       java.math.BigInteger::implMulAdd @ 24 (81 bytes)
Event: 0.701 Thread 0x00000219025634c0 nmethod 707 0x00000218ac9b8d10 code [0x00000218ac9b8ec0, 0x00000218ac9b9088]
Event: 0.701 Thread 0x00000219025634c0  706       3       java.lang.StringBuilder::<init> (6 bytes)
Event: 0.701 Thread 0x00000219025634c0 nmethod 706 0x00000218ac9b9190 code [0x00000218ac9b9340, 0x00000218ac9b9478]
Event: 0.706 Thread 0x000002190396ad20 nmethod 685% 0x00000218b43bee10 code [0x00000218b43befa0, 0x00000218b43bf198]
Event: 0.706 Thread 0x000002190396ad20  679       4       java.lang.Integer::rotateRight (9 bytes)
Event: 0.706 Thread 0x000002190396ad20 nmethod 679 0x00000218b43bf390 code [0x00000218b43bf500, 0x00000218b43bf570]
Event: 0.706 Thread 0x000002190396ad20  676       4       java.lang.StringUTF16::putChar (54 bytes)

GC Heap History (0 events):
No events

Dll operation events (8 events):
Event: 0.023 Loaded shared library c:\Users\HP\.antigravity\extensions\redhat.java-1.53.0-win32-x64\jre\21.0.10-win32-x86_64\bin\java.dll
Event: 0.147 Loaded shared library c:\Users\HP\.antigravity\extensions\redhat.java-1.53.0-win32-x64\jre\21.0.10-win32-x86_64\bin\zip.dll
Event: 0.185 Loaded shared library C:\Users\HP\.antigravity\extensions\redhat.java-1.53.0-win32-x64\jre\21.0.10-win32-x86_64\bin\instrument.dll
Event: 0.195 Loaded shared library C:\Users\HP\.antigravity\extensions\redhat.java-1.53.0-win32-x64\jre\21.0.10-win32-x86_64\bin\net.dll
Event: 0.200 Loaded shared library C:\Users\HP\.antigravity\extensions\redhat.java-1.53.0-win32-x64\jre\21.0.10-win32-x86_64\bin\nio.dll
Event: 0.207 Loaded shared library C:\Users\HP\.antigravity\extensions\redhat.java-1.53.0-win32-x64\jre\21.0.10-win32-x86_64\bin\zip.dll
Event: 0.234 Loaded shared library C:\Users\HP\.antigravity\extensions\redhat.java-1.53.0-win32-x64\jre\21.0.10-win32-x86_64\bin\jimage.dll
Event: 0.342 Loaded shared library c:\Users\HP\.antigravity\extensions\redhat.java-1.53.0-win32-x64\jre\21.0.10-win32-x86_64\bin\verify.dll

Deoptimization events (20 events):
Event: 0.531 Thread 0x00000218a72b9b30 Uncommon trap: trap_request=0xffffffde fr.pc=0x00000218b43b644c relative=0x000000000000012c
Event: 0.531 Thread 0x00000218a72b9b30 Uncommon trap: reason=class_check action=maybe_recompile pc=0x00000218b43b644c method=jdk.internal.misc.Unsafe.allocateUninitializedArray(Ljava/lang/Class;I)Ljava/lang/Object; @ 51 c2
Event: 0.531 Thread 0x00000218a72b9b30 DEOPT PACKING pc=0x00000218b43b644c sp=0x0000005316efb3e0
Event: 0.531 Thread 0x00000218a72b9b30 DEOPT UNPACKING pc=0x00000218b3e33aa2 sp=0x0000005316efb358 mode 2
Event: 0.531 Thread 0x00000218a72b9b30 Uncommon trap: trap_request=0xffffffde fr.pc=0x00000218b43b644c relative=0x000000000000012c
Event: 0.531 Thread 0x00000218a72b9b30 Uncommon trap: reason=class_check action=maybe_recompile pc=0x00000218b43b644c method=jdk.internal.misc.Unsafe.allocateUninitializedArray(Ljava/lang/Class;I)Ljava/lang/Object; @ 51 c2
Event: 0.531 Thread 0x00000218a72b9b30 DEOPT PACKING pc=0x00000218b43b644c sp=0x0000005316efb420
Event: 0.531 Thread 0x00000218a72b9b30 DEOPT UNPACKING pc=0x00000218b3e33aa2 sp=0x0000005316efb398 mode 2
Event: 0.543 Thread 0x00000218a72b9b30 Uncommon trap: trap_request=0xffffff45 fr.pc=0x00000218b43af1ec relative=0x000000000000014c
Event: 0.543 Thread 0x00000218a72b9b30 Uncommon trap: reason=unstable_if action=reinterpret pc=0x00000218b43af1ec method=jdk.internal.util.ArraysSupport.vectorizedHashCode(Ljava/lang/Object;IIII)I @ 2 c2
Event: 0.543 Thread 0x00000218a72b9b30 DEOPT PACKING pc=0x00000218b43af1ec sp=0x0000005316efce90
Event: 0.543 Thread 0x00000218a72b9b30 DEOPT UNPACKING pc=0x00000218b3e33aa2 sp=0x0000005316efce40 mode 2
Event: 0.559 Thread 0x00000218a72b9b30 Uncommon trap: trap_request=0xffffff45 fr.pc=0x00000218b43a19f4 relative=0x00000000000000d4
Event: 0.559 Thread 0x00000218a72b9b30 Uncommon trap: reason=unstable_if action=reinterpret pc=0x00000218b43a19f4 method=java.net.URI.match(CJJ)Z @ 45 c2
Event: 0.559 Thread 0x00000218a72b9b30 DEOPT PACKING pc=0x00000218b43a19f4 sp=0x0000005316efd010
Event: 0.559 Thread 0x00000218a72b9b30 DEOPT UNPACKING pc=0x00000218b3e33aa2 sp=0x0000005316efcf78 mode 2
Event: 0.644 Thread 0x00000218a72b9b30 Uncommon trap: trap_request=0xffffff45 fr.pc=0x00000218b43a1324 relative=0x0000000000000184
Event: 0.644 Thread 0x00000218a72b9b30 Uncommon trap: reason=unstable_if action=reinterpret pc=0x00000218b43a1324 method=java.lang.StringUTF16.compress([CI[BII)I @ 20 c2
Event: 0.644 Thread 0x00000218a72b9b30 DEOPT PACKING pc=0x00000218b43a1324 sp=0x0000005316efbca0
Event: 0.644 Thread 0x00000218a72b9b30 DEOPT UNPACKING pc=0x00000218b3e33aa2 sp=0x0000005316efbc10 mode 2

Classes loaded (20 events):
Event: 0.670 Loading class java/security/Timestamp done
Event: 0.692 Loading class java/security/CodeSigner
Event: 0.693 Loading class java/security/CodeSigner done
Event: 0.694 Loading class sun/security/util/JarConstraintsParameters
Event: 0.694 Loading class sun/security/util/ConstraintsParameters
Event: 0.695 Loading class sun/security/util/ConstraintsParameters done
Event: 0.695 Loading class sun/security/util/JarConstraintsParameters done
Event: 0.697 Loading class java/security/interfaces/ECKey
Event: 0.698 Loading class java/security/interfaces/ECKey done
Event: 0.698 Loading class java/security/interfaces/XECKey
Event: 0.698 Loading class java/security/interfaces/XECKey done
Event: 0.699 Loading class sun/security/util/KeyUtil
Event: 0.699 Loading class sun/security/util/KeyUtil done
Event: 0.701 Loading class sun/security/util/Length
Event: 0.701 Loading class sun/security/util/Length done
Event: 0.701 Loading class javax/crypto/SecretKey
Event: 0.702 Loading class javax/crypto/SecretKey done
Event: 0.705 Loading class java/util/Base64
Event: 0.706 Loading class java/util/Base64 done
Event: 0.706 Loading class java/util/Base64$Decoder

Classes unloaded (0 events):
No events

Classes redefined (0 events):
No events

Internal exceptions (12 events):
Event: 0.139 Thread 0x00000218a72b9b30 Exception <a 'java/lang/NoSuchMethodError'{0x00000000d57a93d8}: 'void java.lang.invoke.DirectMethodHandle$Holder.invokeStatic(java.lang.Object, java.lang.Object, java.lang.Object)'> (0x00000000d57a93d8) 
thrown [s\src\hotspot\share\interpreter\linkResolver.cpp, line 773]
Event: 0.227 Thread 0x00000218a72b9b30 Exception <a 'java/lang/NoSuchMethodError'{0x00000000d5912008}: 'java.lang.Object java.lang.invoke.Invokers$Holder.invokeExact_MT(java.lang.Object, java.lang.Object, java.lang.Object, java.lang.Object, java.lang.Object)'> (0x00000000d5912008) 
thrown [s\src\hotspot\share\interpreter\linkResolver.cpp, line 773]
Event: 0.284 Thread 0x00000218a72b9b30 Exception <a 'java/lang/NoSuchMethodError'{0x00000000d59ca238}: 'int java.lang.invoke.DirectMethodHandle$Holder.invokeSpecial(java.lang.Object, java.lang.Object, java.lang.Object, int)'> (0x00000000d59ca238) 
thrown [s\src\hotspot\share\interpreter\linkResolver.cpp, line 773]
Event: 0.286 Thread 0x00000218a72b9b30 Exception <a 'java/lang/NoSuchMethodError'{0x00000000d59dcc20}: 'java.lang.Object java.lang.invoke.DirectMethodHandle$Holder.invokeStatic(java.lang.Object, java.lang.Object, java.lang.Object, java.lang.Object, int)'> (0x00000000d59dcc20) 
thrown [s\src\hotspot\share\interpreter\linkResolver.cpp, line 773]
Event: 0.290 Thread 0x00000218a72b9b30 Exception <a 'java/lang/NoSuchMethodError'{0x00000000d59e80c8}: 'void java.lang.invoke.DelegatingMethodHandle$Holder.reinvoke_L(java.lang.Object, java.lang.Object, java.lang.Object, int, java.lang.Object)'> (0x00000000d59e80c8) 
thrown [s\src\hotspot\share\interpreter\linkResolver.cpp, line 773]
Event: 0.294 Thread 0x00000218a72b9b30 Exception <a 'java/lang/NoSuchMethodError'{0x00000000d59f8a18}: 'int java.lang.invoke.DirectMethodHandle$Holder.invokeSpecial(java.lang.Object, java.lang.Object, java.lang.Object)'> (0x00000000d59f8a18) 
thrown [s\src\hotspot\share\interpreter\linkResolver.cpp, line 773]
Event: 0.296 Thread 0x00000218a72b9b30 Exception <a 'java/lang/NoSuchMethodError'{0x00000000d5a046d8}: 'java.lang.Object java.lang.invoke.DirectMethodHandle$Holder.invokeStatic(java.lang.Object, java.lang.Object, int)'> (0x00000000d5a046d8) 
thrown [s\src\hotspot\share\interpreter\linkResolver.cpp, line 773]
Event: 0.297 Thread 0x00000218a72b9b30 Exception <a 'java/lang/NoSuchMethodError'{0x00000000d5a09028}: 'void java.lang.invoke.DirectMethodHandle$Holder.invokeStatic(java.lang.Object, java.lang.Object, int, java.lang.Object)'> (0x00000000d5a09028) 
thrown [s\src\hotspot\share\interpreter\linkResolver.cpp, line 773]
Event: 0.298 Thread 0x00000218a72b9b30 Exception <a 'java/lang/NoSuchMethodError'{0x00000000d5a0cbb8}: 'void java.lang.invoke.DirectMethodHandle$Holder.invokeSpecial(java.lang.Object, java.lang.Object, java.lang.Object, int, java.lang.Object)'> (0x00000000d5a0cbb8) 
thrown [s\src\hotspot\share\interpreter\linkResolver.cpp, line 773]
Event: 0.298 Thread 0x00000218a72b9b30 Exception <a 'java/lang/NoSuchMethodError'{0x00000000d5a10028}: 'void java.lang.invoke.DelegatingMethodHandle$Holder.delegate(java.lang.Object, java.lang.Object, int, java.lang.Object)'> (0x00000000d5a10028) 
thrown [s\src\hotspot\share\interpreter\linkResolver.cpp, line 773]
Event: 0.378 Thread 0x00000218a72b9b30 Exception <a 'java/lang/NoSuchMethodError'{0x00000000d5bd2778}: 'void java.lang.invoke.DelegatingMethodHandle$Holder.reinvoke_L(java.lang.Object, java.lang.Object, java.lang.Object, int)'> (0x00000000d5bd2778) 
thrown [s\src\hotspot\share\interpreter\linkResolver.cpp, line 773]
Event: 0.531 Thread 0x00000218a72b9b30 Exception <a 'java/lang/NoSuchMethodError'{0x00000000d605f3a8}: 'void java.lang.invoke.DirectMethodHandle$Holder.invokeVirtual(java.lang.Object, java.lang.Object)'> (0x00000000d605f3a8) 
thrown [s\src\hotspot\share\interpreter\linkResolver.cpp, line 773]

ZGC Phase Switch (0 events):
No events

VM Operations (6 events):
Event: 0.143 Executing non-safepoint VM operation: HandshakeAllThreads (Deoptimize)
Event: 0.143 Executing non-safepoint VM operation: HandshakeAllThreads (Deoptimize) done
Event: 0.252 Executing non-safepoint VM operation: HandshakeAllThreads (Deoptimize)
Event: 0.252 Executing non-safepoint VM operation: HandshakeAllThreads (Deoptimize) done
Event: 0.702 Executing non-safepoint VM operation: HandshakeAllThreads (Deoptimize)
Event: 0.702 Executing non-safepoint VM operation: HandshakeAllThreads (Deoptimize) done

Memory protections (0 events):
No events

Nmethod flushes (0 events):
No events

Events (13 events):
Event: 0.050 Thread 0x00000218a72b9b30 Thread added: 0x00000218a72b9b30
Event: 0.081 Thread 0x00000218a72b9b30 Thread added: 0x00000218a9754390
Event: 0.081 Thread 0x00000218a72b9b30 Thread added: 0x00000219011fbf10
Event: 0.082 Thread 0x00000218a72b9b30 Thread added: 0x00000218a9755f00
Event: 0.082 Thread 0x00000218a72b9b30 Thread added: 0x00000218a9758a70
Event: 0.082 Thread 0x00000218a72b9b30 Thread added: 0x00000218a975b8e0
Event: 0.082 Thread 0x00000218a72b9b30 Thread added: 0x00000218a975c340
Event: 0.082 Thread 0x00000218a72b9b30 Thread added: 0x00000218a975d0d0
Event: 0.082 Thread 0x00000218a72b9b30 Thread added: 0x00000219025634c0
Event: 0.168 Thread 0x00000219025634c0 Thread added: 0x000002190274d5c0
Event: 0.189 Thread 0x00000218a72b9b30 Thread added: 0x000002190276e0b0
Event: 0.458 Thread 0x00000218a72b9b30 Thread added: 0x0000021902874a60
Event: 0.700 Thread 0x00000219025634c0 Thread added: 0x000002190396ad20


Dynamic libraries:
0x00007ff7e7f20000 - 0x00007ff7e7f2e000 	c:\Users\HP\.antigravity\extensions\redhat.java-1.53.0-win32-x64\jre\21.0.10-win32-x86_64\bin\java.exe
0x00007ffc32860000 - 0x00007ffc32ac6000 	C:\WINDOWS\SYSTEM32\ntdll.dll
0x00007ffc30f30000 - 0x00007ffc30ff9000 	C:\WINDOWS\System32\KERNEL32.DLL
0x00007ffc2fcf0000 - 0x00007ffc300ea000 	C:\WINDOWS\System32\KERNELBASE.dll
0x00007ffc2fba0000 - 0x00007ffc2fcec000 	C:\WINDOWS\System32\ucrtbase.dll
0x00007ffc08fd0000 - 0x00007ffc08fe8000 	c:\Users\HP\.antigravity\extensions\redhat.java-1.53.0-win32-x64\jre\21.0.10-win32-x86_64\bin\jli.dll
0x00007ffc305d0000 - 0x00007ffc30797000 	C:\WINDOWS\System32\USER32.dll
0x00007ffc305a0000 - 0x00007ffc305c7000 	C:\WINDOWS\System32\win32u.dll
0x00007ffc312c0000 - 0x00007ffc312eb000 	C:\WINDOWS\System32\GDI32.dll
0x00007ffc303b0000 - 0x00007ffc304db000 	C:\WINDOWS\System32\gdi32full.dll
0x00007ffc2faf0000 - 0x00007ffc2fb93000 	C:\WINDOWS\System32\msvcp_win.dll
0x00007ffc0c720000 - 0x00007ffc0c73e000 	c:\Users\HP\.antigravity\extensions\redhat.java-1.53.0-win32-x64\jre\21.0.10-win32-x86_64\bin\VCRUNTIME140.dll
0x00007ffc0b740000 - 0x00007ffc0b9d2000 	C:\WINDOWS\WinSxS\amd64_microsoft.windows.common-controls_6595b64144ccf1df_6.0.26100.8521_none_3e08b75ce33403b3\COMCTL32.dll
0x00007ffc31ff0000 - 0x00007ffc32099000 	C:\WINDOWS\System32\msvcrt.dll
0x00007ffc31780000 - 0x00007ffc317b2000 	C:\WINDOWS\System32\IMM32.DLL
0x00007ffc10d90000 - 0x00007ffc10d9c000 	c:\Users\HP\.antigravity\extensions\redhat.java-1.53.0-win32-x64\jre\21.0.10-win32-x86_64\bin\vcruntime140_1.dll
0x00007ffba22a0000 - 0x00007ffba232d000 	c:\Users\HP\.antigravity\extensions\redhat.java-1.53.0-win32-x64\jre\21.0.10-win32-x86_64\bin\msvcp140.dll
0x00007ffb48b40000 - 0x00007ffb498e1000 	c:\Users\HP\.antigravity\extensions\redhat.java-1.53.0-win32-x64\jre\21.0.10-win32-x86_64\bin\server\jvm.dll
0x00007ffc32310000 - 0x00007ffc323c6000 	C:\WINDOWS\System32\ADVAPI32.dll
0x00007ffc32530000 - 0x00007ffc325da000 	C:\WINDOWS\System32\sechost.dll
0x00007ffc325e0000 - 0x00007ffc326f8000 	C:\WINDOWS\System32\RPCRT4.dll
0x00007ffc317f0000 - 0x00007ffc31870000 	C:\WINDOWS\System32\WS2_32.dll
0x00007ffc2f970000 - 0x00007ffc2f9ce000 	C:\WINDOWS\SYSTEM32\POWRPROF.dll
0x00007ffc2a4d0000 - 0x00007ffc2a506000 	C:\WINDOWS\SYSTEM32\WINMM.dll
0x00007ffc1fcc0000 - 0x00007ffc1fccb000 	C:\WINDOWS\SYSTEM32\VERSION.dll
0x00007ffc2f950000 - 0x00007ffc2f964000 	C:\WINDOWS\SYSTEM32\UMPDC.dll
0x00007ffc2e840000 - 0x00007ffc2e85b000 	C:\WINDOWS\SYSTEM32\kernel.appcore.dll
0x00007ffc0fe90000 - 0x00007ffc0fe9a000 	c:\Users\HP\.antigravity\extensions\redhat.java-1.53.0-win32-x64\jre\21.0.10-win32-x86_64\bin\jimage.dll
0x00007ffc2d250000 - 0x00007ffc2d492000 	C:\WINDOWS\SYSTEM32\DBGHELP.DLL
0x00007ffc31880000 - 0x00007ffc31c03000 	C:\WINDOWS\System32\combase.dll
0x00007ffc31d20000 - 0x00007ffc31df9000 	C:\WINDOWS\System32\OLEAUT32.dll
0x00007ffc10350000 - 0x00007ffc1038b000 	C:\WINDOWS\SYSTEM32\dbgcore.DLL
0x00007ffc30270000 - 0x00007ffc30318000 	C:\WINDOWS\System32\bcryptPrimitives.dll
0x00007ffc0cbd0000 - 0x00007ffc0cbdf000 	c:\Users\HP\.antigravity\extensions\redhat.java-1.53.0-win32-x64\jre\21.0.10-win32-x86_64\bin\instrument.dll
0x00007ffc08ee0000 - 0x00007ffc08f00000 	c:\Users\HP\.antigravity\extensions\redhat.java-1.53.0-win32-x64\jre\21.0.10-win32-x86_64\bin\java.dll
0x00007ffc307a0000 - 0x00007ffc30f24000 	C:\WINDOWS\System32\SHELL32.dll
0x00007ffc2d680000 - 0x00007ffc2df00000 	C:\WINDOWS\SYSTEM32\windows.storage.dll
0x00007ffc32720000 - 0x00007ffc32816000 	C:\WINDOWS\System32\SHCORE.dll
0x00007ffc32100000 - 0x00007ffc32167000 	C:\WINDOWS\System32\shlwapi.dll
0x00007ffc2fa10000 - 0x00007ffc2fa39000 	C:\WINDOWS\SYSTEM32\profapi.dll
0x00007ffc08f70000 - 0x00007ffc08f88000 	c:\Users\HP\.antigravity\extensions\redhat.java-1.53.0-win32-x64\jre\21.0.10-win32-x86_64\bin\zip.dll
0x00007ffc0c9b0000 - 0x00007ffc0c9c0000 	C:\Users\HP\.antigravity\extensions\redhat.java-1.53.0-win32-x64\jre\21.0.10-win32-x86_64\bin\net.dll
0x00007ffc20a80000 - 0x00007ffc20ba9000 	C:\WINDOWS\SYSTEM32\WINHTTP.dll
0x00007ffc2ed90000 - 0x00007ffc2edfc000 	C:\WINDOWS\system32\mswsock.dll
0x00007ffc08e00000 - 0x00007ffc08e16000 	C:\Users\HP\.antigravity\extensions\redhat.java-1.53.0-win32-x64\jre\21.0.10-win32-x86_64\bin\nio.dll
0x00007ffc0c8e0000 - 0x00007ffc0c8f0000 	c:\Users\HP\.antigravity\extensions\redhat.java-1.53.0-win32-x64\jre\21.0.10-win32-x86_64\bin\verify.dll

JVMTI agents:
c:\Users\HP\.antigravity\extensions\redhat.java-1.53.0-win32-x64\lombok\lombok-1.18.39-4050.jar path:c:\Users\HP\.antigravity\extensions\redhat.java-1.53.0-win32-x64\jre\21.0.10-win32-x86_64\bin\instrument.dll, loaded, initialized, instrumentlib options:none

dbghelp: loaded successfully - version: 4.0.5 - missing functions: none
symbol engine: initialized successfully - sym options: 0x614 - pdb path: .;c:\Users\HP\.antigravity\extensions\redhat.java-1.53.0-win32-x64\jre\21.0.10-win32-x86_64\bin;C:\WINDOWS\SYSTEM32;C:\WINDOWS\WinSxS\amd64_microsoft.windows.common-controls_6595b64144ccf1df_6.0.26100.8521_none_3e08b75ce33403b3;c:\Users\HP\.antigravity\extensions\redhat.java-1.53.0-win32-x64\jre\21.0.10-win32-x86_64\bin\server

VM Arguments:
jvm_args: --add-modules=ALL-SYSTEM --add-opens=java.base/java.util=ALL-UNNAMED --add-opens=java.base/java.lang=ALL-UNNAMED --add-opens=java.base/sun.nio.fs=ALL-UNNAMED -Declipse.application=org.eclipse.jdt.ls.core.id1 -Dosgi.bundles.defaultStartLevel=4 -Declipse.product=org.eclipse.jdt.ls.core.product -Djava.import.generatesMetadataFilesAtProjectRoot=false -DDetectVMInstallationsJob.disabled=true -Dfile.encoding=utf8 -XX:+UseParallelGC -XX:GCTimeRatio=4 -XX:AdaptiveSizePolicyWeight=90 -Dsun.zip.disableMemoryMapping=true -Xmx2G -Xms100m -Xlog:disable -javaagent:c:\Users\HP\.antigravity\extensions\redhat.java-1.53.0-win32-x64\lombok\lombok-1.18.39-4050.jar -XX:+HeapDumpOnOutOfMemoryError -XX:HeapDumpPath=c:\Users\HP\AppData\Roaming\Antigravity\User\workspaceStorage\7359660f604276e095b57a6af05720f4\redhat.java -Daether.dependencyCollector.impl=bf 
java_command: c:\Users\HP\.antigravity\extensions\redhat.java-1.53.0-win32-x64\server\plugins\org.eclipse.equinox.launcher_1.7.100.v20251111-0406.jar -configuration c:\Users\HP\AppData\Roaming\Antigravity\User\globalStorage\redhat.java\1.53.0\config_win -data c:\Users\HP\AppData\Roaming\Antigravity\User\workspaceStorage\7359660f604276e095b57a6af05720f4\redhat.java\jdt_ws --pipe=\\.\pipe\lsp-b83944c05a053d1ddddc220bfef3b5f1-sock
java_class_path (initial): c:\Users\HP\.antigravity\extensions\redhat.java-1.53.0-win32-x64\server\plugins\org.eclipse.equinox.launcher_1.7.100.v20251111-0406.jar
Launcher Type: SUN_STANDARD

[Global flags]
    uintx AdaptiveSizePolicyWeight                 = 90                                        {product} {command line}
     intx CICompilerCount                          = 4                                         {product} {ergonomic}
    uintx GCTimeRatio                              = 4                                         {product} {command line}
     bool HeapDumpOnOutOfMemoryError               = true                                   {manageable} {command line}
    ccstr HeapDumpPath                             = c:\Users\HP\AppData\Roaming\Antigravity\User\workspaceStorage\7359660f604276e095b57a6af05720f4\redhat.java         {manageable} {command line}
   size_t InitialHeapSize                          = 104857600                                 {product} {command line}
   size_t MaxHeapSize                              = 2147483648                                {product} {command line}
   size_t MaxNewSize                               = 715653120                                 {product} {ergonomic}
   size_t MinHeapDeltaBytes                        = 524288                                    {product} {ergonomic}
   size_t MinHeapSize                              = 104857600                                 {product} {command line}
   size_t NewSize                                  = 34603008                                  {product} {ergonomic}
    uintx NonNMethodCodeHeapSize                   = 5839372                                {pd product} {ergonomic}
    uintx NonProfiledCodeHeapSize                  = 122909434                              {pd product} {ergonomic}
   size_t OldSize                                  = 70254592                                  {product} {ergonomic}
    uintx ProfiledCodeHeapSize                     = 122909434                              {pd product} {ergonomic}
    uintx ReservedCodeCacheSize                    = 251658240                              {pd product} {ergonomic}
     bool SegmentedCodeCache                       = true                                      {product} {ergonomic}
   size_t SoftMaxHeapSize                          = 2147483648                             {manageable} {ergonomic}
     bool UseCompressedOops                        = true                           {product lp64_product} {ergonomic}
     bool UseLargePagesIndividualAllocation        = false                                  {pd product} {ergonomic}
     bool UseParallelGC                            = true                                      {product} {command line}

Logging:
Log output configuration:
 #0: stdout all=off uptime,level,tags foldmultilines=false
 #1: stderr all=off uptime,level,tags foldmultilines=false

Release file:
JAVA_VERSION="21.0.10" 
MODULES="java.base java.compiler java.datatransfer java.xml java.prefs java.desktop java.instrument java.logging java.management java.security.sasl java.naming java.rmi java.management.rmi java.net.http java.scripting java.security.jgss java.transaction.xa java.sql java.sql.rowset java.xml.crypto java.se java.smartcardio jdk.accessibility jdk.internal.jvmstat jdk.attach jdk.charsets jdk.internal.opt jdk.zipfs jdk.compiler jdk.crypto.ec jdk.crypto.cryptoki jdk.crypto.mscapi jdk.dynalink jdk.internal.ed jdk.editpad jdk.hotspot.agent jdk.httpserver jdk.internal.le jdk.internal.vm.ci jdk.internal.vm.compiler jdk.internal.vm.compiler.management jdk.jartool jdk.javadoc jdk.jcmd jdk.management jdk.management.agent jdk.jconsole jdk.jdeps jdk.jdwp.agent jdk.jdi jdk.jfr jdk.jshell jdk.jsobject jdk.jstatd jdk.localedata jdk.management.jfr jdk.naming.dns jdk.naming.rmi jdk.net jdk.nio.mapmode jdk.random jdk.sctp jdk.security.auth jdk.security.jgss jdk.unsupported jdk.unsupported.desktop jdk.xml.dom" 

Environment Variables:
PATH=C:\Program Files\Java\jdk-24\bin;C:\Program Files\cursor\resources\app\bin;C:\ProgramData\chocolatey\lib\maven\apache-maven-3.9.11\bin;C:\WINDOWS\System32\OpenSSH\;C:\Users\HP\Downloads\maven-mvnd-1.0.3-windows-amd64.tar.gz\maven-mvnd-1.0.3-windows-amd64\bin;C:\Program Files\PuTTY\;C:\Program Files\Docker\Docker\resources\bin;C:\Program Files (x86)\Windows Kits\10\Windows Performance Toolkit\;C:\Users\HP\OneDrive\Desktop\CodeBlocks\MinGW\bin;C:\Users\HP\AppData\Local\Programs\Python\Python313\;C:\Program Files\MySQL\MySQL Shell 8.0\bin\;C:\Program Files\JetBrains\PyCharm Community Edition 2024.2.4\bin;;C:\Users\HP\AppData\Local\Programs\Microsoft VS Code\bin;C:\Users\HP\AppData\Local\Microsoft\WindowsApps;C:\Users\HP\AppData\Roaming\Composer\vendor\bin;C:\Users\HP\composer;C:\Program Files (x86)\MongoDB Atlas CLI\;C:\Users\HP\AppData\Local\Programs\Python\Python313;C:\Users\HP\AppData\Local\Programs\Python\Python313\Scripts;C:\Program Files\Java\jdk-24\bin;C:\MinGW\bin;C:\Program Files\Git\bin;C:\Users\HP\Downloads;C:\Program Files\JetBrains\IntelliJ IDEA 2025.2.3\bin;C:\Program Files\nodejs;C:\Program Files\PostgreSQL\18\bin;C:\Users\HP\Downloads\maven-mvnd-1.0.3-windows-amd64.tar.gz\maven-mvnd-1.0.3-windows-amd64\bin;C:\Users\HP\AppData\Local\Programs\Antigravity\bin;C:\Users\HP\AppData\Roaming\npm;
USERNAME=DARYWISE
OS=Windows_NT
PROCESSOR_IDENTIFIER=Intel64 Family 6 Model 186 Stepping 3, GenuineIntel
TMP=C:\Users\HP\AppData\Local\Temp
TEMP=C:\Users\HP\AppData\Local\Temp




Periodic native trim disabled

---------------  S Y S T E M  ---------------

OS:
 Windows 11 , 64 bit Build 26100 (10.0.26100.8521)
OS uptime: 0 days 20:32 hours
Hyper-V role detected

CPU: total 12 (initial active 12) (6 cores per cpu, 2 threads per core) family 6 model 186 stepping 3 microcode 0x6134, cx8, cmov, fxsr, ht, mmx, 3dnowpref, sse, sse2, sse3, ssse3, sse4.1, sse4.2, popcnt, lzcnt, tsc, tscinvbit, avx, avx2, aes, erms, clmul, bmi1, bmi2, adx, sha, fma, vzeroupper, clflush, clflushopt, clwb, hv, serialize, rdtscp, rdpid, fsrm, f16c, cet_ibt, cet_ss
Processor Information for processor 0
  Max Mhz: 1700, Current Mhz: 1700, Mhz Limit: 1700
Processor Information for processor 1
  Max Mhz: 1700, Current Mhz: 1700, Mhz Limit: 1700
Processor Information for processor 2
  Max Mhz: 1700, Current Mhz: 1700, Mhz Limit: 1700
Processor Information for processor 3
  Max Mhz: 1700, Current Mhz: 1700, Mhz Limit: 1700
Processor Information for processor 4
  Max Mhz: 1700, Current Mhz: 1700, Mhz Limit: 1700
Processor Information for processor 5
  Max Mhz: 1700, Current Mhz: 1558, Mhz Limit: 1700
Processor Information for processor 6
  Max Mhz: 1700, Current Mhz: 1700, Mhz Limit: 1700
Processor Information for processor 7
  Max Mhz: 1700, Current Mhz: 1700, Mhz Limit: 1700
Processor Information for processor 8
  Max Mhz: 1700, Current Mhz: 1700, Mhz Limit: 1700
Processor Information for processor 9
  Max Mhz: 1700, Current Mhz: 1700, Mhz Limit: 1700
Processor Information for processor 10
  Max Mhz: 1700, Current Mhz: 1700, Mhz Limit: 1700
Processor Information for processor 11
  Max Mhz: 1700, Current Mhz: 1558, Mhz Limit: 1700

Memory: 4k page, system-wide physical 13976M (1270M free)
TotalPageFile size 30646M (AvailPageFile size 0M)
current process WorkingSet (physical memory assigned to process): 62M, peak: 64M
current process commit charge ("private bytes"): 238M, peak: 241M

vm_info: OpenJDK 64-Bit Server VM (21.0.10+7-LTS) for windows-amd64 JRE (21.0.10+7-LTS), built on 2026-01-20T00:00:00Z by "admin" with MS VC++ 17.12 (VS2022)

END.
